Archive member included to satisfy reference by file (symbol)

c:/siliconlabs/simplicitystudio/v5/developer/toolchains/gnu_arm/12.2.rel1_2023.7/bin/../lib/gcc/arm-none-eabi/12.2.1/thumb/v8-m.main+fp/hard\libgcc.a(_arm_addsubdf3.o)
                              ./app.o (__aeabi_f2d)
c:/siliconlabs/simplicitystudio/v5/developer/toolchains/gnu_arm/12.2.rel1_2023.7/bin/../lib/gcc/arm-none-eabi/12.2.1/thumb/v8-m.main+fp/hard\libgcc.a(_aeabi_ldivmod.o)
                              ./simplicity_sdk_2025.6.1/platform/emlib/src/em_eusart.o (__aeabi_ldivmod)
c:/siliconlabs/simplicitystudio/v5/developer/toolchains/gnu_arm/12.2.rel1_2023.7/bin/../lib/gcc/arm-none-eabi/12.2.1/thumb/v8-m.main+fp/hard\libgcc.a(_aeabi_uldivmod.o)
                              ./simplicity_sdk_2025.6.1/platform/emlib/src/em_eusart.o (__aeabi_uldivmod)
c:/siliconlabs/simplicitystudio/v5/developer/toolchains/gnu_arm/12.2.rel1_2023.7/bin/../lib/gcc/arm-none-eabi/12.2.1/thumb/v8-m.main+fp/hard\libgcc.a(_udivmoddi4.o)
                              c:/siliconlabs/simplicitystudio/v5/developer/toolchains/gnu_arm/12.2.rel1_2023.7/bin/../lib/gcc/arm-none-eabi/12.2.1/thumb/v8-m.main+fp/hard\libgcc.a(_aeabi_ldivmod.o) (__udivmoddi4)
c:/siliconlabs/simplicitystudio/v5/developer/toolchains/gnu_arm/12.2.rel1_2023.7/bin/../lib/gcc/arm-none-eabi/12.2.1/thumb/v8-m.main+fp/hard\libgcc.a(_dvmd_tls.o)
                              c:/siliconlabs/simplicitystudio/v5/developer/toolchains/gnu_arm/12.2.rel1_2023.7/bin/../lib/gcc/arm-none-eabi/12.2.1/thumb/v8-m.main+fp/hard\libgcc.a(_aeabi_ldivmod.o) (__aeabi_ldiv0)
c:/siliconlabs/simplicitystudio/v5/developer/toolchains/gnu_arm/12.2.rel1_2023.7/bin/../lib/gcc/arm-none-eabi/12.2.1/thumb/v8-m.main+fp/hard\libc_nano.a(libc_a-exit.o)
                              c:/siliconlabs/simplicitystudio/v5/developer/toolchains/gnu_arm/12.2.rel1_2023.7/bin/../lib/gcc/arm-none-eabi/12.2.1/thumb/v8-m.main+fp/hard/crt0.o (exit)
c:/siliconlabs/simplicitystudio/v5/developer/toolchains/gnu_arm/12.2.rel1_2023.7/bin/../lib/gcc/arm-none-eabi/12.2.1/thumb/v8-m.main+fp/hard\libc_nano.a(libc_a-ctype_.o)
                              ./simplicity_sdk_2025.6.1/platform/common/src/sl_string.o (_ctype_)
c:/siliconlabs/simplicitystudio/v5/developer/toolchains/gnu_arm/12.2.rel1_2023.7/bin/../lib/gcc/arm-none-eabi/12.2.1/thumb/v8-m.main+fp/hard\libc_nano.a(libc_a-findfp.o)
                              c:/siliconlabs/simplicitystudio/v5/developer/toolchains/gnu_arm/12.2.rel1_2023.7/bin/../lib/gcc/arm-none-eabi/12.2.1/thumb/v8-m.main+fp/hard\libc_nano.a(libc_a-exit.o) (__stdio_exit_handler)
c:/siliconlabs/simplicitystudio/v5/developer/toolchains/gnu_arm/12.2.rel1_2023.7/bin/../lib/gcc/arm-none-eabi/12.2.1/thumb/v8-m.main+fp/hard\libc_nano.a(libc_a-fwalk.o)
                              c:/siliconlabs/simplicitystudio/v5/developer/toolchains/gnu_arm/12.2.rel1_2023.7/bin/../lib/gcc/arm-none-eabi/12.2.1/thumb/v8-m.main+fp/hard\libc_nano.a(libc_a-findfp.o) (_fwalk_sglue)
c:/siliconlabs/simplicitystudio/v5/developer/toolchains/gnu_arm/12.2.rel1_2023.7/bin/../lib/gcc/arm-none-eabi/12.2.1/thumb/v8-m.main+fp/hard\libc_nano.a(libc_a-printf.o)
                              ./app.o (printf)
c:/siliconlabs/simplicitystudio/v5/developer/toolchains/gnu_arm/12.2.rel1_2023.7/bin/../lib/gcc/arm-none-eabi/12.2.1/thumb/v8-m.main+fp/hard\libc_nano.a(libc_a-stdio.o)
                              c:/siliconlabs/simplicitystudio/v5/developer/toolchains/gnu_arm/12.2.rel1_2023.7/bin/../lib/gcc/arm-none-eabi/12.2.1/thumb/v8-m.main+fp/hard\libc_nano.a(libc_a-findfp.o) (__sread)
c:/siliconlabs/simplicitystudio/v5/developer/toolchains/gnu_arm/12.2.rel1_2023.7/bin/../lib/gcc/arm-none-eabi/12.2.1/thumb/v8-m.main+fp/hard\libc_nano.a(libc_a-vprintf.o)
                              ./simplicity_sdk_2025.6.1/platform/service/iostream/src/sl_iostream.o (vprintf)
c:/siliconlabs/simplicitystudio/v5/developer/toolchains/gnu_arm/12.2.rel1_2023.7/bin/../lib/gcc/arm-none-eabi/12.2.1/thumb/v8-m.main+fp/hard\libc_nano.a(libc_a-memset.o)
                              c:/siliconlabs/simplicitystudio/v5/developer/toolchains/gnu_arm/12.2.rel1_2023.7/bin/../lib/gcc/arm-none-eabi/12.2.1/thumb/v8-m.main+fp/hard/crt0.o (memset)
c:/siliconlabs/simplicitystudio/v5/developer/toolchains/gnu_arm/12.2.rel1_2023.7/bin/../lib/gcc/arm-none-eabi/12.2.1/thumb/v8-m.main+fp/hard\libc_nano.a(libc_a-closer.o)
                              c:/siliconlabs/simplicitystudio/v5/developer/toolchains/gnu_arm/12.2.rel1_2023.7/bin/../lib/gcc/arm-none-eabi/12.2.1/thumb/v8-m.main+fp/hard\libc_nano.a(libc_a-stdio.o) (_close_r)
c:/siliconlabs/simplicitystudio/v5/developer/toolchains/gnu_arm/12.2.rel1_2023.7/bin/../lib/gcc/arm-none-eabi/12.2.1/thumb/v8-m.main+fp/hard\libc_nano.a(libc_a-reent.o)
                              c:/siliconlabs/simplicitystudio/v5/developer/toolchains/gnu_arm/12.2.rel1_2023.7/bin/../lib/gcc/arm-none-eabi/12.2.1/thumb/v8-m.main+fp/hard\libc_nano.a(libc_a-closer.o) (errno)
[...]
Memory Configuration

Name             Origin             Length             Attributes
FLASH            0x08000000         0x0017e000         xr
RAM              0x20000000         0x00040000         xrw
*default*        0x00000000         0xffffffff

Linker script and memory map

LOAD c:/siliconlabs/simplicitystudio/v5/developer/toolchains/gnu_arm/12.2.rel1_2023.7/bin/../lib/gcc/arm-none-eabi/12.2.1/thumb/v8-m.main+fp/hard/crti.o
LOAD c:/siliconlabs/simplicitystudio/v5/developer/toolchains/gnu_arm/12.2.rel1_2023.7/bin/../lib/gcc/arm-none-eabi/12.2.1/thumb/v8-m.main+fp/hard/crtbegin.o
LOAD c:/siliconlabs/simplicitystudio/v5/developer/toolchains/gnu_arm/12.2.rel1_2023.7/bin/../lib/gcc/arm-none-eabi/12.2.1/thumb/v8-m.main+fp/hard/crt0.o
START GROUP
LOAD ./app.o
LOAD ./main.o
LOAD ./sl_icm42688p.o
LOAD ./sl_imu_icm426889.o
LOAD ./autogen/sl_board_default_init.o
LOAD ./autogen/sl_event_handler.o
LOAD ./autogen/sl_iostream_handles.o
LOAD ./autogen/sl_iostream_init_eusart_instances.o
LOAD ./simplicity_sdk_2025.6.1/hardware/board/src/sl_board_control_gpio.o
LOAD ./simplicity_sdk_2025.6.1/hardware/board/src/sl_board_init.o
LOAD ./simplicity_sdk_2025.6.1/hardware/driver/configuration_over_swo/src/sl_cos.o
LOAD ./simplicity_sdk_2025.6.1/hardware/driver/mx25_flash_shutdown/src/sl_mx25_flash_shutdown_eusart/sl_mx25_flash_shutdown.o
LOAD ./simplicity_sdk_2025.6.1/platform/Device/SiliconLabs/EFR32MG24/Source/startup_efr32mg24.o
LOAD ./simplicity_sdk_2025.6.1/platform/Device/SiliconLabs/EFR32MG24/Source/system_efr32mg24.o
LOAD ./simplicity_sdk_2025.6.1/platform/common/src/sl_assert.o
LOAD ./simplicity_sdk_2025.6.1/platform/common/src/sl_core_cortexm.o
LOAD ./simplicity_sdk_2025.6.1/platform/common/src/sl_slist.o
LOAD ./simplicity_sdk_2025.6.1/platform/common/src/sl_string.o
LOAD ./simplicity_sdk_2025.6.1/platform/common/src/sl_syscalls.o
LOAD ./simplicity_sdk_2025.6.1/platform/driver/debug/src/sl_debug_swo.o
LOAD ./simplicity_sdk_2025.6.1/platform/driver/gpio/src/sl_gpio.o
LOAD ./simplicity_sdk_2025.6.1/platform/emdrv/dmadrv/src/dmadrv.o
LOAD ./simplicity_sdk_2025.6.1/platform/emlib/src/em_burtc.o
LOAD ./simplicity_sdk_2025.6.1/platform/emlib/src/em_cmu.o
LOAD ./simplicity_sdk_2025.6.1/platform/emlib/src/em_emu.o
LOAD ./simplicity_sdk_2025.6.1/platform/emlib/src/em_eusart.o
LOAD ./simplicity_sdk_2025.6.1/platform/emlib/src/em_gpio.o
LOAD ./simplicity_sdk_2025.6.1/platform/emlib/src/em_ldma.o
LOAD ./simplicity_sdk_2025.6.1/platform/emlib/src/em_msc.o
LOAD ./simplicity_sdk_2025.6.1/platform/emlib/src/em_prs.o
LOAD ./simplicity_sdk_2025.6.1/platform/emlib/src/em_system.o
LOAD ./simplicity_sdk_2025.6.1/platform/emlib/src/em_timer.o
LOAD ./simplicity_sdk_2025.6.1/platform/peripheral/src/sl_hal_eusart.o
LOAD ./simplicity_sdk_2025.6.1/platform/peripheral/src/sl_hal_gpio.o
LOAD ./simplicity_sdk_2025.6.1/platform/peripheral/src/sl_hal_prs.o
LOAD ./simplicity_sdk_2025.6.1/platform/peripheral/src/sl_hal_sysrtc.o
LOAD ./simplicity_sdk_2025.6.1/platform/service/clock_manager/src/sl_clock_manager.o
LOAD ./simplicity_sdk_2025.6.1/platform/service/clock_manager/src/sl_clock_manager_hal_s2.o
LOAD ./simplicity_sdk_2025.6.1/platform/service/clock_manager/src/sl_clock_manager_init.o
LOAD ./simplicity_sdk_2025.6.1/platform/service/clock_manager/src/sl_clock_manager_init_hal_s2.o
LOAD ./simplicity_sdk_2025.6.1/platform/service/device_init/src/sl_device_init_dcdc_s2.o
LOAD ./simplicity_sdk_2025.6.1/platform/service/device_init/src/sl_device_init_emu_s2.o
LOAD ./simplicity_sdk_2025.6.1/platform/service/device_manager/clocks/sl_device_clock_efr32xg24.o
LOAD ./simplicity_sdk_2025.6.1/platform/service/device_manager/devices/sl_device_peripheral_hal_efr32xg24.o
LOAD ./simplicity_sdk_2025.6.1/platform/service/device_manager/src/sl_device_clock.o
LOAD ./simplicity_sdk_2025.6.1/platform/service/device_manager/src/sl_device_gpio.o
LOAD ./simplicity_sdk_2025.6.1/platform/service/device_manager/src/sl_device_peripheral.o
LOAD ./simplicity_sdk_2025.6.1/platform/service/interrupt_manager/src/sl_interrupt_manager_cortexm.o
LOAD ./simplicity_sdk_2025.6.1/platform/service/iostream/src/sl_iostream.o
LOAD ./simplicity_sdk_2025.6.1/platform/service/iostream/src/sl_iostream_eusart.o
LOAD ./simplicity_sdk_2025.6.1/platform/service/iostream/src/sl_iostream_uart.o
LOAD ./simplicity_sdk_2025.6.1/platform/service/memory_manager/src/sl_memory_manager_region.o
LOAD ./simplicity_sdk_2025.6.1/platform/service/sl_main/sl_system_compatibility/src/sl_system_compatibility.o
LOAD ./simplicity_sdk_2025.6.1/platform/service/sl_main/src/sl_main_init.o
LOAD ./simplicity_sdk_2025.6.1/platform/service/sl_main/src/sl_main_init_memory.o
LOAD ./simplicity_sdk_2025.6.1/platform/service/sl_main/src/sl_main_process_action.o
LOAD ./simplicity_sdk_2025.6.1/platform/service/sleeptimer/src/sl_sleeptimer.o
LOAD ./simplicity_sdk_2025.6.1/platform/service/sleeptimer/src/sl_sleeptimer_hal_burtc.o
LOAD ./simplicity_sdk_2025.6.1/platform/service/sleeptimer/src/sl_sleeptimer_hal_sysrtc.o
LOAD ./simplicity_sdk_2025.6.1/platform/service/sleeptimer/src/sl_sleeptimer_hal_timer.o
LOAD ./simplicity_sdk_2025.6.1/platform/service/udelay/src/sl_udelay.o
LOAD ./simplicity_sdk_2025.6.1/platform/service/udelay/src/sl_udelay_armv6m_gcc.o
LOAD c:/siliconlabs/simplicitystudio/v5/developer/toolchains/gnu_arm/12.2.rel1_2023.7/bin/../lib/gcc/arm-none-eabi/12.2.1/thumb/v8-m.main+fp/hard\libgcc.a
LOAD c:/siliconlabs/simplicitystudio/v5/developer/toolchains/gnu_arm/12.2.rel1_2023.7/bin/../lib/gcc/arm-none-eabi/12.2.1/thumb/v8-m.main+fp/hard\libc_nano.a
LOAD c:/siliconlabs/simplicitystudio/v5/developer/toolchains/gnu_arm/12.2.rel1_2023.7/bin/../lib/gcc/arm-none-eabi/12.2.1/thumb/v8-m.main+fp/hard\libm.a
LOAD c:/siliconlabs/simplicitystudio/v5/developer/toolchains/gnu_arm/12.2.rel1_2023.7/bin/../lib/gcc/arm-none-eabi/12.2.1/thumb/v8-m.main+fp/hard\libnosys.a
END GROUP
START GROUP
LOAD c:/siliconlabs/simplicitystudio/v5/developer/toolchains/gnu_arm/12.2.rel1_2023.7/bin/../lib/gcc/arm-none-eabi/12.2.1/thumb/v8-m.main+fp/hard\libgcc.a
LOAD c:/siliconlabs/simplicitystudio/v5/developer/toolchains/gnu_arm/12.2.rel1_2023.7/bin/../lib/gcc/arm-none-eabi/12.2.1/thumb/v8-m.main+fp/hard\libc_nano.a
LOAD c:/siliconlabs/simplicitystudio/v5/developer/toolchains/gnu_arm/12.2.rel1_2023.7/bin/../lib/gcc/arm-none-eabi/12.2.1/thumb/v8-m.main+fp/hard\libnosys.a
END GROUP
START GROUP
LOAD c:/siliconlabs/simplicitystudio/v5/developer/toolchains/gnu_arm/12.2.rel1_2023.7/bin/../lib/gcc/arm-none-eabi/12.2.1/thumb/v8-m.main+fp/hard\libgcc.a
LOAD c:/siliconlabs/simplicitystudio/v5/developer/toolchains/gnu_arm/12.2.rel1_2023.7/bin/../lib/gcc/arm-none-eabi/12.2.1/thumb/v8-m.main+fp/hard\libg_nano.a
LOAD c:/siliconlabs/simplicitystudio/v5/developer/toolchains/gnu_arm/12.2.rel1_2023.7/bin/../lib/gcc/arm-none-eabi/12.2.1/thumb/v8-m.main+fp/hard\libc_nano.a
END GROUP
START GROUP
LOAD c:/siliconlabs/simplicitystudio/v5/developer/toolchains/gnu_arm/12.2.rel1_2023.7/bin/../lib/gcc/arm-none-eabi/12.2.1/thumb/v8-m.main+fp/hard\libgcc.a
LOAD c:/siliconlabs/simplicitystudio/v5/developer/toolchains/gnu_arm/12.2.rel1_2023.7/bin/../lib/gcc/arm-none-eabi/12.2.1/thumb/v8-m.main+fp/hard\libc_nano.a
END GROUP
LOAD c:/siliconlabs/simplicitystudio/v5/developer/toolchains/gnu_arm/12.2.rel1_2023.7/bin/../lib/gcc/arm-none-eabi/12.2.1/thumb/v8-m.main+fp/hard/crtend.o
LOAD c:/siliconlabs/simplicitystudio/v5/developer/toolchains/gnu_arm/12.2.rel1_2023.7/bin/../lib/gcc/arm-none-eabi/12.2.1/thumb/v8-m.main+fp/hard/crtn.o

.vectors        0x08000000      0x170
                0x08000000                linker_vectors_begin = .
 *(.vectors)
 .vectors       0x08000000      0x170 ./simplicity_sdk_2025.6.1/platform/Device/SiliconLabs/EFR32MG24/Source/startup_efr32mg24.o
                0x08000000                __Vectors
                0x08000170                linker_vectors_end = .
                0x08000170                __Vectors_End = .
                0x08000170                __Vectors_Size = (__Vectors_End - __Vectors)
                0x08000170                __lma_ramfuncs_start__ = .

.stack          0x20000000     0x1000
                0x20000000                . = ALIGN (0x8)
                0x20000000                __StackLimit = .
 *(.stack*)
 .stack         0x20000000     0x1000 ./simplicity_sdk_2025.6.1/platform/service/memory_manager/src/sl_memory_manager_region.o
                0x20001000                . = ALIGN (0x4)
                0x20001000                __StackTop = .
                0x20001000                PROVIDE (__stack = __StackTop)

.bss            0x20001000      0x588
                0x20001000                . = ALIGN (0x4)
                0x20001000                __bss_start__ = .
 *(SORT_BY_ALIGNMENT(.bss*))
 .bss.object.0  0x20001000       0x18 c:/siliconlabs/simplicitystudio/v5/developer/toolchains/gnu_arm/12.2.rel1_2023.7/bin/../lib/gcc/arm-none-eabi/12.2.1/thumb/v8-m.main+fp/hard/crtbegin.o
 .bss.gyro      0x20001018        0xc ./app.o
 .bss.accel     0x20001024        0xc ./app.o
 .bss.IMU_isDataReadyTrueCount
                0x20001030        0x4 ./sl_imu_icm426889.o
 .bss.IMU_isDataReadyQueryCount
                0x20001034        0x4 ./sl_imu_icm426889.o
 .bss.sensorsSampleRate
                0x20001038        0x4 ./sl_imu_icm426889.o
 .bss.sl_iostream_recommended_console_stream
                0x2000103c        0x4 ./autogen/sl_iostream_handles.o
                0x2000103c                sl_iostream_recommended_console_stream
 .bss.context_vcom
                0x20001040       0xb4 ./autogen/sl_iostream_init_eusart_instances.o
 .bss.sl_iostream_vcom
                0x200010f4       0x1c ./autogen/sl_iostream_init_eusart_instances.o
 .bss.gpio_interrupts
                0x20001110      0x168 ./simplicity_sdk_2025.6.1/platform/driver/gpio/src/sl_gpio.o
 .bss.dmaXfer   0x20001278      0x100 ./simplicity_sdk_2025.6.1/platform/emdrv/dmadrv/src/dmadrv.o
 .bss.chTable   0x20001378       0x80 ./simplicity_sdk_2025.6.1/platform/emdrv/dmadrv/src/dmadrv.o
 .bss.sli_iostream_default
                0x200013f8        0x4 ./simplicity_sdk_2025.6.1/platform/service/iostream/src/sl_iostream.o
 .bss.max_millisecond_conversion
                0x200013fc        0x4 ./simplicity_sdk_2025.6.1/platform/service/sleeptimer/src/sl_sleeptimer.o
 .bss.last_delta_update_count
                0x20001400        0x4 ./simplicity_sdk_2025.6.1/platform/service/sleeptimer/src/sl_sleeptimer.o
 .bss.timer_head
                0x20001404        0x4 ./simplicity_sdk_2025.6.1/platform/service/sleeptimer/src/sl_sleeptimer.o
 .bss.timer_frequency
                0x20001408        0x4 ./simplicity_sdk_2025.6.1/platform/service/sleeptimer/src/sl_sleeptimer.o
 .bss.overflow_counter
                0x2000140c        0x4 ./simplicity_sdk_2025.6.1/platform/service/sleeptimer/src/sl_sleeptimer.o
 .bss.__sf      0x20001410      0x138 c:/siliconlabs/simplicitystudio/v5/developer/toolchains/gnu_arm/12.2.rel1_2023.7/bin/../lib/gcc/arm-none-eabi/12.2.1/thumb/v8-m.main+fp/hard\libc_nano.a(libc_a-findfp.o)
                0x20001410                __sf
 .bss.__stdio_exit_handler
                0x20001548        0x4 c:/siliconlabs/simplicitystudio/v5/developer/toolchains/gnu_arm/12.2.rel1_2023.7/bin/../lib/gcc/arm-none-eabi/12.2.1/thumb/v8-m.main+fp/hard\libc_nano.a(libc_a-findfp.o)
                0x20001548                __stdio_exit_handler
 .bss.errno     0x2000154c        0x4 c:/siliconlabs/simplicitystudio/v5/developer/toolchains/gnu_arm/12.2.rel1_2023.7/bin/../lib/gcc/arm-none-eabi/12.2.1/thumb/v8-m.main+fp/hard\libc_nano.a(libc_a-reent.o)
                0x2000154c                errno
 .bss.__malloc_sbrk_start
                0x20001550        0x4 c:/siliconlabs/simplicitystudio/v5/developer/toolchains/gnu_arm/12.2.rel1_2023.7/bin/../lib/gcc/arm-none-eabi/12.2.1/thumb/v8-m.main+fp/hard\libc_nano.a(libc_a-mallocr.o)
                0x20001550                __malloc_sbrk_start
 .bss.__malloc_free_list
                0x20001554        0x4 c:/siliconlabs/simplicitystudio/v5/developer/toolchains/gnu_arm/12.2.rel1_2023.7/bin/../lib/gcc/arm-none-eabi/12.2.1/thumb/v8-m.main+fp/hard\libc_nano.a(libc_a-mallocr.o)
                0x20001554                __malloc_free_list
 .bss.completed.1
                0x20001558        0x1 c:/siliconlabs/simplicitystudio/v5/developer/toolchains/gnu_arm/12.2.rel1_2023.7/bin/../lib/gcc/arm-none-eabi/12.2.1/thumb/v8-m.main+fp/hard/crtbegin.o
 .bss.IMU_state
                0x20001559        0x1 ./sl_imu_icm426889.o
 .bss.rx_buffer_vcom
                0x2000155a       0x20 ./autogen/sl_iostream_init_eusart_instances.o
 .bss.initialized
                0x2000157a        0x1 ./simplicity_sdk_2025.6.1/platform/emdrv/dmadrv/src/dmadrv.o
 .bss.pclkDiv   0x2000157b        0x1 ./simplicity_sdk_2025.6.1/platform/emlib/src/em_cmu.o
 .bss.vScaleEM01Config
                0x2000157c        0x1 ./simplicity_sdk_2025.6.1/platform/emlib/src/em_emu.o
 .bss.dali_rx_nb_packets
                0x2000157d        0x2 ./simplicity_sdk_2025.6.1/platform/emlib/src/em_eusart.o
 .bss.dali_tx_nb_packets
                0x2000157f        0x2 ./simplicity_sdk_2025.6.1/platform/emlib/src/em_eusart.o
 .bss.is_interrupt_manager_initialized
                0x20001581        0x1 ./simplicity_sdk_2025.6.1/platform/service/interrupt_manager/src/sl_interrupt_manager_cortexm.o
 .bss.null_byte
                0x20001582        0x1 ./simplicity_sdk_2025.6.1/platform/service/iostream/src/sl_iostream_uart.o
 .bss.sleep_on_isr_exit
                0x20001583        0x1 ./simplicity_sdk_2025.6.1/platform/service/sleeptimer/src/sl_sleeptimer.o
 .bss.next_timer_to_expire_is_power_manager
                0x20001584        0x1 ./simplicity_sdk_2025.6.1/platform/service/sleeptimer/src/sl_sleeptimer.o
 .bss.is_sleeptimer_initialized
                0x20001585        0x1 ./simplicity_sdk_2025.6.1/platform/service/sleeptimer/src/sl_sleeptimer.o
 .bss.__lock___malloc_recursive_mutex
                0x20001586        0x1 c:/siliconlabs/simplicitystudio/v5/developer/toolchains/gnu_arm/12.2.rel1_2023.7/bin/../lib/gcc/arm-none-eabi/12.2.1/thumb/v8-m.main+fp/hard\libc_nano.a(libc_a-lock.o)
                0x20001586                __lock___malloc_recursive_mutex
 .bss.__lock___sfp_recursive_mutex
                0x20001587        0x1 c:/siliconlabs/simplicitystudio/v5/developer/toolchains/gnu_arm/12.2.rel1_2023.7/bin/../lib/gcc/arm-none-eabi/12.2.1/thumb/v8-m.main+fp/hard\libc_nano.a(libc_a-lock.o)
                0x20001587                __lock___sfp_recursive_mutex
 *(COMMON)
                0x20001588                . = ALIGN (0x4)
                0x20001588                __bss_end__ = .

.noinit         0x20001588        0x0
 *(.noinit*)
                0x20001588                . = ALIGN (0x4)

text_application_ram
                0x20001588        0x0 load address 0x08000170
                0x20001588                . = ALIGN (0x4)
                0x20001588                __vma_ramfuncs_start__ = .
                0x20001588                __text_application_ram_start__ = .
 *(text_application_ram)
                0x20001588                . = ALIGN (0x4)
                0x20001588                __vma_ramfuncs_end__ = .
                0x20001588                __text_application_ram_end__ = .

.rodata         0x08000170        0x0
                0x08000170                __lma_ramfuncs_end__ = .
                0x08000170                __rodata_start__ = .
                0x08000170                __rodata_end__ = .

.text           0x08000170     0x7504
                0x08000170                linker_code_begin = .
 *(SORT_BY_ALIGNMENT(.text*))
 .text          0x08000170        0x8 ./simplicity_sdk_2025.6.1/platform/service/udelay/src/sl_udelay_armv6m_gcc.o
                0x08000170                sli_delay_loop
 .text.deregister_tm_clones
                0x08000178       0x1c c:/siliconlabs/simplicitystudio/v5/developer/toolchains/gnu_arm/12.2.rel1_2023.7/bin/../lib/gcc/arm-none-eabi/12.2.1/thumb/v8-m.main+fp/hard/crtbegin.o
 .text.register_tm_clones
                0x08000194       0x28 c:/siliconlabs/simplicitystudio/v5/developer/toolchains/gnu_arm/12.2.rel1_2023.7/bin/../lib/gcc/arm-none-eabi/12.2.1/thumb/v8-m.main+fp/hard/crtbegin.o
 .text.__do_global_dtors_aux
                0x080001bc       0x28 c:/siliconlabs/simplicitystudio/v5/developer/toolchains/gnu_arm/12.2.rel1_2023.7/bin/../lib/gcc/arm-none-eabi/12.2.1/thumb/v8-m.main+fp/hard/crtbegin.o
 .text.frame_dummy
                0x080001e4       0x24 c:/siliconlabs/simplicitystudio/v5/developer/toolchains/gnu_arm/12.2.rel1_2023.7/bin/../lib/gcc/arm-none-eabi/12.2.1/thumb/v8-m.main+fp/hard/crtbegin.o
 .text          0x08000208       0x7c c:/siliconlabs/simplicitystudio/v5/developer/toolchains/gnu_arm/12.2.rel1_2023.7/bin/../lib/gcc/arm-none-eabi/12.2.1/thumb/v8-m.main+fp/hard/crt0.o
                0x08000208                _stack_init
                0x08000210                _start
                0x08000210                _mainCRTStartup
 .text.app_init
                0x08000284       0x2c ./app.o
                0x08000284                app_init
 .text.app_process_action
                0x080002b0       0x8c ./app.o
                0x080002b0                app_process_action
 .text.sl_icm42688p_spi_init
                0x0800033c       0xc8 ./sl_icm42688p.o
                0x0800033c                sl_icm42688p_spi_init
 .text.sl_icm42688p_read_register
                0x08000404       0x58 ./sl_icm42688p.o
                0x08000404                sl_icm42688p_read_register
 .text.sl_icm42688p_write_register
                0x0800045c       0x44 ./sl_icm42688p.o
                0x0800045c                sl_icm42688p_write_register
 .text.sl_icm42688p_init
                0x080004a0       0x7c ./sl_icm42688p.o
                0x080004a0                sl_icm42688p_init
 .text.sl_icm42688p_set_sample_rate
                0x0800051c       0x84 ./sl_icm42688p.o
                0x0800051c                sl_icm42688p_set_sample_rate
 .text.sl_icm42688p_accel_read_data
                0x080005a0       0x60 ./sl_icm42688p.o
                0x080005a0                sl_icm42688p_accel_read_data
 .text.sl_icm42688p_gyro_read_data
                0x08000600       0x60 ./sl_icm42688p.o
                0x08000600                sl_icm42688p_gyro_read_data
 .text.sl_icm42688p_calibrate_gyro
                0x08000660       0x78 ./sl_icm42688p.o
                0x08000660                sl_icm42688p_calibrate_gyro
 .text.sl_imu_init
                0x080006d8       0x3c ./sl_imu_icm426889.o
                0x080006d8                sl_imu_init
 .text.sl_imu_configure
                0x08000714       0x68 ./sl_imu_icm426889.o
                0x08000714                sl_imu_configure
 .text.sl_imu_get_acceleration
                0x0800077c       0x1c ./sl_imu_icm426889.o
                0x0800077c                sl_imu_get_acceleration
 .text.sl_imu_get_gyro
                0x08000798       0x1c ./sl_imu_icm426889.o
                0x08000798                sl_imu_get_gyro
 .text.sl_imu_is_data_ready
                0x080007b4       0x34 ./sl_imu_icm426889.o
                0x080007b4                sl_imu_is_data_ready
 .text.sl_iostream_set_console_instance
                0x080007e8       0x24 ./autogen/sl_iostream_handles.o
                0x080007e8                sl_iostream_set_console_instance
 .text.sl_iostream_eusart_init_vcom
                0x0800080c       0xc4 ./autogen/sl_iostream_init_eusart_instances.o
                0x0800080c                sl_iostream_eusart_init_vcom
 .text.EUSART0_RX_IRQHandler
                0x080008d0        0xc ./autogen/sl_iostream_init_eusart_instances.o
                0x080008d0                EUSART0_RX_IRQHandler
 .text.sl_board_init
                0x080008dc       0x18 ./simplicity_sdk_2025.6.1/hardware/board/src/sl_board_init.o
                0x080008dc                sl_board_init
 .text.sl_board_preinit
                0x080008f4        0xc ./simplicity_sdk_2025.6.1/hardware/board/src/sl_board_init.o
                0x080008f4                sl_board_preinit
 .text.sl_mx25_flash_shutdown
                0x08000900      0x170 ./simplicity_sdk_2025.6.1/hardware/driver/mx25_flash_shutdown/src/sl_mx25_flash_shutdown_eusart/sl_mx25_flash_shutdown.o
                0x08000900                sl_mx25_flash_shutdown
 .text.CopyToRam
                0x08000a70       0x1c ./simplicity_sdk_2025.6.1/platform/Device/SiliconLabs/EFR32MG24/Source/startup_efr32mg24.o
                0x08000a70                CopyToRam
 .text.Reset_Handler
                0x08000a8c       0x6c ./simplicity_sdk_2025.6.1/platform/Device/SiliconLabs/EFR32MG24/Source/startup_efr32mg24.o
                0x08000a8c                Reset_Handler
 .text.SystemInit
                0x08000af8       0x64 ./simplicity_sdk_2025.6.1/platform/Device/SiliconLabs/EFR32MG24/Source/system_efr32mg24.o
                0x08000af8                SystemInit
 .text.SystemHFRCODPLLClockSet
                0x08000b5c        0xc ./simplicity_sdk_2025.6.1/platform/Device/SiliconLabs/EFR32MG24/Source/system_efr32mg24.o
                0x08000b5c                SystemHFRCODPLLClockSet
 .text.SystemHFXOClockSet
                0x08000b68       0x20 ./simplicity_sdk_2025.6.1/platform/Device/SiliconLabs/EFR32MG24/Source/system_efr32mg24.o
                0x08000b68                SystemHFXOClockSet
 .text.sl_slist_push_back
                0x08000b88       0x24 ./simplicity_sdk_2025.6.1/platform/common/src/sl_slist.o
                0x08000b88                sl_slist_push_back
 .text.sl_slist_pop
                0x08000bac       0x20 ./simplicity_sdk_2025.6.1/platform/common/src/sl_slist.o
                0x08000bac                sl_slist_pop
 .text.sl_debug_swo_init
                0x08000bcc       0xcc ./simplicity_sdk_2025.6.1/platform/driver/debug/src/sl_debug_swo.o
                0x08000bcc                sl_debug_swo_init
 .text.sl_debug_swo_write_u8
                0x08000c98       0x44 ./simplicity_sdk_2025.6.1/platform/driver/debug/src/sl_debug_swo.o
                0x08000c98                sl_debug_swo_write_u8
 .text.sl_gpio_dispatch_interrupt
                0x08000cdc       0x5c ./simplicity_sdk_2025.6.1/platform/driver/gpio/src/sl_gpio.o
 .text.sl_gpio_init
                0x08000d38       0x38 ./simplicity_sdk_2025.6.1/platform/driver/gpio/src/sl_gpio.o
                0x08000d38                sl_gpio_init
 .text.sl_gpio_set_pin_mode
                0x08000d70       0x84 ./simplicity_sdk_2025.6.1/platform/driver/gpio/src/sl_gpio.o
                0x08000d70                sl_gpio_set_pin_mode
 .text.sl_gpio_set_pin
                0x08000df4       0x5c ./simplicity_sdk_2025.6.1/platform/driver/gpio/src/sl_gpio.o
                0x08000df4                sl_gpio_set_pin
 .text.sl_gpio_clear_pin
                0x08000e50       0x5c ./simplicity_sdk_2025.6.1/platform/driver/gpio/src/sl_gpio.o
                0x08000e50                sl_gpio_clear_pin
 .text.GPIO_EVEN_IRQHandler
                0x08000eac       0x20 ./simplicity_sdk_2025.6.1/platform/driver/gpio/src/sl_gpio.o
                0x08000eac                GPIO_EVEN_IRQHandler
 .text.GPIO_ODD_IRQHandler
                0x08000ecc       0x20 ./simplicity_sdk_2025.6.1/platform/driver/gpio/src/sl_gpio.o
                0x08000ecc                GPIO_ODD_IRQHandler
 .text.StartTransfer
                0x08000eec      0x17c ./simplicity_sdk_2025.6.1/platform/emdrv/dmadrv/src/dmadrv.o
 .text.DMADRV_AllocateChannel
                0x08001068       0x60 ./simplicity_sdk_2025.6.1/platform/emdrv/dmadrv/src/dmadrv.o
                0x08001068                DMADRV_AllocateChannel
 .text.DMADRV_DeInit
                0x080010c8       0x44 ./simplicity_sdk_2025.6.1/platform/emdrv/dmadrv/src/dmadrv.o
                0x080010c8                DMADRV_DeInit
 .text.DMADRV_FreeChannel
                0x0800110c       0x4c ./simplicity_sdk_2025.6.1/platform/emdrv/dmadrv/src/dmadrv.o
                0x0800110c                DMADRV_FreeChannel
 .text.DMADRV_Init
                0x08001158       0x68 ./simplicity_sdk_2025.6.1/platform/emdrv/dmadrv/src/dmadrv.o
                0x08001158                DMADRV_Init
 .text.DMADRV_LdmaStartTransfer
                0x080011c0       0x4c ./simplicity_sdk_2025.6.1/platform/emdrv/dmadrv/src/dmadrv.o
                0x080011c0                DMADRV_LdmaStartTransfer
 .text.DMADRV_PauseTransfer
                0x0800120c       0x40 ./simplicity_sdk_2025.6.1/platform/emdrv/dmadrv/src/dmadrv.o
                0x0800120c                DMADRV_PauseTransfer
 .text.DMADRV_ResumeTransfer
                0x0800124c       0x40 ./simplicity_sdk_2025.6.1/platform/emdrv/dmadrv/src/dmadrv.o
                0x0800124c                DMADRV_ResumeTransfer
 .text.LDMA_IRQHandler
                0x0800128c       0x74 ./simplicity_sdk_2025.6.1/platform/emdrv/dmadrv/src/dmadrv.o
                0x0800128c                LDMA_IRQHandler
 .text.EMU_VScaleGet
                0x08001300       0x18 ./simplicity_sdk_2025.6.1/platform/emlib/src/em_cmu.o
 .text.dpllRefClkGet
                0x08001318       0x48 ./simplicity_sdk_2025.6.1/platform/emlib/src/em_cmu.o
 .text.em23GrpaClkGet
                0x08001360       0x48 ./simplicity_sdk_2025.6.1/platform/emlib/src/em_cmu.o
 .text.em4GrpaClkGet
                0x080013a8       0x48 ./simplicity_sdk_2025.6.1/platform/emlib/src/em_cmu.o
 .text.sysrtcClkGet
                0x080013f0       0x48 ./simplicity_sdk_2025.6.1/platform/emlib/src/em_cmu.o
 .text.traceClkGet
                0x08001438       0x54 ./simplicity_sdk_2025.6.1/platform/emlib/src/em_cmu.o
 .text.em01GrpaClkGet
                0x0800148c       0x74 ./simplicity_sdk_2025.6.1/platform/emlib/src/em_cmu.o
 .text.em01GrpcClkGet
                0x08001500       0x70 ./simplicity_sdk_2025.6.1/platform/emlib/src/em_cmu.o
 .text.eusart0ClkGet
                0x08001570       0x74 ./simplicity_sdk_2025.6.1/platform/emlib/src/em_cmu.o
 .text.iadcClkGet
                0x080015e4       0x60 ./simplicity_sdk_2025.6.1/platform/emlib/src/em_cmu.o
 .text.wdog0ClkGet
                0x08001644       0x64 ./simplicity_sdk_2025.6.1/platform/emlib/src/em_cmu.o
 .text.wdog1ClkGet
                0x080016a8       0x64 ./simplicity_sdk_2025.6.1/platform/emlib/src/em_cmu.o
 .text.vdac0ClkGet
                0x0800170c       0x70 ./simplicity_sdk_2025.6.1/platform/emlib/src/em_cmu.o
 .text.vdac1ClkGet
                0x0800177c       0x70 ./simplicity_sdk_2025.6.1/platform/emlib/src/em_cmu.o
 .text.pcnt0ClkGet
                0x080017ec       0x4c ./simplicity_sdk_2025.6.1/platform/emlib/src/em_cmu.o
 .text.HFRCODPLLDevinfoGet
                0x08001838      0x108 ./simplicity_sdk_2025.6.1/platform/emlib/src/em_cmu.o
 .text.CMU_ClockDivGet
                0x08001940       0x78 ./simplicity_sdk_2025.6.1/platform/emlib/src/em_cmu.o
                0x08001940                CMU_ClockDivGet
 .text.flashWaitStateControl
                0x080019b8       0x58 ./simplicity_sdk_2025.6.1/platform/emlib/src/em_cmu.o
 .text.CMU_ClockEnable
                0x08001a10       0x50 ./simplicity_sdk_2025.6.1/platform/emlib/src/em_cmu.o
                0x08001a10                CMU_ClockEnable
 .text.CMU_ClockFreqGet
                0x08001a60      0x210 ./simplicity_sdk_2025.6.1/platform/emlib/src/em_cmu.o
                0x08001a60                CMU_ClockFreqGet
 .text.rhclkPrescOptimize
                0x08001c70       0x20 ./simplicity_sdk_2025.6.1/platform/emlib/src/em_cmu.o
 .text.CMU_ClockSelectGet
                0x08001c90      0x208 ./simplicity_sdk_2025.6.1/platform/emlib/src/em_cmu.o
                0x08001c90                CMU_ClockSelectGet
 .text.sli_em_cmu_SYSTICEXTCLKENClear
                0x08001e98       0x30 ./simplicity_sdk_2025.6.1/platform/emlib/src/em_cmu.o
                0x08001e98                sli_em_cmu_SYSTICEXTCLKENClear
 .text.CMU_HFXOInit
                0x08001ec8      0x224 ./simplicity_sdk_2025.6.1/platform/emlib/src/em_cmu.o
                0x08001ec8                CMU_HFXOInit
 .text.CMU_HFXOCTuneDeltaGet
                0x080020ec        0xc ./simplicity_sdk_2025.6.1/platform/emlib/src/em_cmu.o
                0x080020ec                CMU_HFXOCTuneDeltaGet
 .text.CMU_LFXOInit
                0x080020f8       0xc4 ./simplicity_sdk_2025.6.1/platform/emlib/src/em_cmu.o
                0x080020f8                CMU_LFXOInit
 .text.CMU_LFXOPrecisionSet
                0x080021bc        0xc ./simplicity_sdk_2025.6.1/platform/emlib/src/em_cmu.o
                0x080021bc                CMU_LFXOPrecisionSet
 .text.CMU_HFXOPrecisionSet
                0x080021c8        0xc ./simplicity_sdk_2025.6.1/platform/emlib/src/em_cmu.o
                0x080021c8                CMU_HFXOPrecisionSet
 .text.CMU_LFRCOSetPrecision
                0x080021d4       0x80 ./simplicity_sdk_2025.6.1/platform/emlib/src/em_cmu.o
                0x080021d4                CMU_LFRCOSetPrecision
 .text.CMU_ClockDivSet
                0x08002254      0x12c ./simplicity_sdk_2025.6.1/platform/emlib/src/em_cmu.o
                0x08002254                CMU_ClockDivSet
 .text.sli_em_cmu_SYSCLKInitPreClockSelect
                0x08002380       0x30 ./simplicity_sdk_2025.6.1/platform/emlib/src/em_cmu.o
                0x08002380                sli_em_cmu_SYSCLKInitPreClockSelect
 .text.pclkDivOptimize
                0x080023b0       0x24 ./simplicity_sdk_2025.6.1/platform/emlib/src/em_cmu.o
 .text.sli_em_cmu_SYSCLKInitPostClockSelect
                0x080023d4       0x40 ./simplicity_sdk_2025.6.1/platform/emlib/src/em_cmu.o
                0x080023d4                sli_em_cmu_SYSCLKInitPostClockSelect
 .text.CMU_HFRCODPLLBandSet
                0x08002414      0x11c ./simplicity_sdk_2025.6.1/platform/emlib/src/em_cmu.o
                0x08002414                CMU_HFRCODPLLBandSet
 .text.CMU_HFRCOEM23BandSet
                0x08002530      0x168 ./simplicity_sdk_2025.6.1/platform/emlib/src/em_cmu.o
                0x08002530                CMU_HFRCOEM23BandSet
 .text.EMU_DCDCSync
                0x08002698       0x10 ./simplicity_sdk_2025.6.1/platform/emlib/src/em_emu.o
 .text.EMU_EM4Init
                0x080026a8       0x14 ./simplicity_sdk_2025.6.1/platform/emlib/src/em_emu.o
                0x080026a8                EMU_EM4Init
 .text.EMU_VScaleEM01
                0x080026bc       0xa8 ./simplicity_sdk_2025.6.1/platform/emlib/src/em_emu.o
                0x080026bc                EMU_VScaleEM01
 .text.EMU_VScaleEM01ByClock
                0x08002764       0x30 ./simplicity_sdk_2025.6.1/platform/emlib/src/em_emu.o
                0x08002764                EMU_VScaleEM01ByClock
 .text.EMU_DCDCModeSet
                0x08002794       0xac ./simplicity_sdk_2025.6.1/platform/emlib/src/em_emu.o
                0x08002794                EMU_DCDCModeSet
 .text.EMU_DCDCInit
                0x08002840       0x70 ./simplicity_sdk_2025.6.1/platform/emlib/src/em_emu.o
                0x08002840                EMU_DCDCInit
 .text.EMU_DCDCSetPFMXModePeakCurrent
                0x080028b0       0x6c ./simplicity_sdk_2025.6.1/platform/emlib/src/em_emu.o
                0x080028b0                EMU_DCDCSetPFMXModePeakCurrent
 .text.EUSART_Reset
                0x0800291c       0x54 ./simplicity_sdk_2025.6.1/platform/emlib/src/em_eusart.o
                0x0800291c                EUSART_Reset
 .text.EUSART_Enable
                0x08002970       0x6c ./simplicity_sdk_2025.6.1/platform/emlib/src/em_eusart.o
                0x08002970                EUSART_Enable
 .text.EUSART_BaudrateSet
                0x080029dc      0x1cc ./simplicity_sdk_2025.6.1/platform/emlib/src/em_eusart.o
                0x080029dc                EUSART_BaudrateSet
 .text.EUSART_AsyncInitCommon
                0x08002ba8      0x24c ./simplicity_sdk_2025.6.1/platform/emlib/src/em_eusart.o
 .text.EUSART_UartInitHf
                0x08002df4       0x5c ./simplicity_sdk_2025.6.1/platform/emlib/src/em_eusart.o
                0x08002df4                EUSART_UartInitHf
 .text.EUSART_UartInitLf
                0x08002e50       0xb8 ./simplicity_sdk_2025.6.1/platform/emlib/src/em_eusart.o
                0x08002e50                EUSART_UartInitLf
 .text.EUSART_SpiInit
                0x08002f08      0x1fc ./simplicity_sdk_2025.6.1/platform/emlib/src/em_eusart.o
                0x08002f08                EUSART_SpiInit
 .text.BUS_RegBitWrite
                0x08003104       0x2c ./simplicity_sdk_2025.6.1/platform/emlib/src/em_gpio.o
 .text.GPIO_PinOutSet
                0x08003130       0x3c ./simplicity_sdk_2025.6.1/platform/emlib/src/em_gpio.o
 .text.GPIO_PinOutClear
                0x0800316c       0x3c ./simplicity_sdk_2025.6.1/platform/emlib/src/em_gpio.o
 .text.GPIO_ExtIntConfig
                0x080031a8       0xe0 ./simplicity_sdk_2025.6.1/platform/emlib/src/em_gpio.o
                0x080031a8                GPIO_ExtIntConfig
 .text.GPIO_PinModeSet
                0x08003288       0x94 ./simplicity_sdk_2025.6.1/platform/emlib/src/em_gpio.o
                0x08003288                GPIO_PinModeSet
 .text.LDMA_DeInit
                0x0800331c       0x2c ./simplicity_sdk_2025.6.1/platform/emlib/src/em_ldma.o
                0x0800331c                LDMA_DeInit
 .text.LDMA_EnableChannelRequest
                0x08003348       0x40 ./simplicity_sdk_2025.6.1/platform/emlib/src/em_ldma.o
                0x08003348                LDMA_EnableChannelRequest
 .text.LDMA_Init
                0x08003388       0x90 ./simplicity_sdk_2025.6.1/platform/emlib/src/em_ldma.o
                0x08003388                LDMA_Init
 .text.LDMA_StartTransfer
                0x08003418       0xf8 ./simplicity_sdk_2025.6.1/platform/emlib/src/em_ldma.o
                0x08003418                LDMA_StartTransfer
 .text.LDMA_StopTransfer
                0x08003510       0x38 ./simplicity_sdk_2025.6.1/platform/emlib/src/em_ldma.o
                0x08003510                LDMA_StopTransfer
 .text.LDMA_TransferDone
                0x08003548       0x44 ./simplicity_sdk_2025.6.1/platform/emlib/src/em_ldma.o
                0x08003548                LDMA_TransferDone
 .text.LDMA_TransferRemainingCount
                0x0800358c       0x44 ./simplicity_sdk_2025.6.1/platform/emlib/src/em_ldma.o
                0x0800358c                LDMA_TransferRemainingCount
 .text.sl_hal_gpio_clear_pin
                0x080035d0       0x58 ./simplicity_sdk_2025.6.1/platform/peripheral/src/sl_hal_gpio.o
                0x080035d0                sl_hal_gpio_clear_pin
 .text.sl_hal_gpio_get_enabled_pending_interrupts
                0x08003628       0x14 ./simplicity_sdk_2025.6.1/platform/peripheral/src/sl_hal_gpio.o
                0x08003628                sl_hal_gpio_get_enabled_pending_interrupts
 .text.sl_hal_gpio_set_pin_mode
                0x0800363c       0xd0 ./simplicity_sdk_2025.6.1/platform/peripheral/src/sl_hal_gpio.o
                0x0800363c                sl_hal_gpio_set_pin_mode
 .text.sl_hal_sysrtc_wait_ready
                0x0800370c       0x1c ./simplicity_sdk_2025.6.1/platform/peripheral/src/sl_hal_sysrtc.o
                0x0800370c                sl_hal_sysrtc_wait_ready
 .text.sl_hal_sysrtc_stop
                0x08003728       0x28 ./simplicity_sdk_2025.6.1/platform/peripheral/src/sl_hal_sysrtc.o
                0x08003728                sl_hal_sysrtc_stop
 .text.sl_hal_sysrtc_enable
                0x08003750       0x18 ./simplicity_sdk_2025.6.1/platform/peripheral/src/sl_hal_sysrtc.o
                0x08003750                sl_hal_sysrtc_enable
 .text.sl_hal_sysrtc_disable
                0x08003768       0x1c ./simplicity_sdk_2025.6.1/platform/peripheral/src/sl_hal_sysrtc.o
                0x08003768                sl_hal_sysrtc_disable
 .text.sl_hal_sysrtc_init
                0x08003784       0x24 ./simplicity_sdk_2025.6.1/platform/peripheral/src/sl_hal_sysrtc.o
                0x08003784                sl_hal_sysrtc_init
 .text.sl_hal_sysrtc_init_group
                0x080037a8       0x44 ./simplicity_sdk_2025.6.1/platform/peripheral/src/sl_hal_sysrtc.o
                0x080037a8                sl_hal_sysrtc_init_group
 .text.sli_clock_manager_hal_init
                0x080037ec      0x268 ./simplicity_sdk_2025.6.1/platform/service/clock_manager/src/sl_clock_manager_init_hal_s2.o
                0x080037ec                sli_clock_manager_hal_init
 .text.sl_device_init_dcdc
                0x08003a54       0x2c ./simplicity_sdk_2025.6.1/platform/service/device_init/src/sl_device_init_dcdc_s2.o
                0x08003a54                sl_device_init_dcdc
 .text.sl_device_init_emu
                0x08003a80       0x24 ./simplicity_sdk_2025.6.1/platform/service/device_init/src/sl_device_init_emu_s2.o
                0x08003a80                sl_device_init_emu
 .text.sl_interrupt_manager_disable_irq
                0x08003aa4       0x3c ./simplicity_sdk_2025.6.1/platform/service/interrupt_manager/src/sl_interrupt_manager_cortexm.o
                0x08003aa4                sl_interrupt_manager_disable_irq
 .text.sl_interrupt_manager_enable_irq
                0x08003ae0       0x34 ./simplicity_sdk_2025.6.1/platform/service/interrupt_manager/src/sl_interrupt_manager_cortexm.o
                0x08003ae0                sl_interrupt_manager_enable_irq
 .text.sl_interrupt_manager_is_irq_disabled
                0x08003b14       0x30 ./simplicity_sdk_2025.6.1/platform/service/interrupt_manager/src/sl_interrupt_manager_cortexm.o
                0x08003b14                sl_interrupt_manager_is_irq_disabled
 .text.sl_interrupt_manager_clear_irq_pending
                0x08003b44       0x1c ./simplicity_sdk_2025.6.1/platform/service/interrupt_manager/src/sl_interrupt_manager_cortexm.o
                0x08003b44                sl_interrupt_manager_clear_irq_pending
 .text.sl_interrupt_manager_set_irq_priority
                0x08003b60       0x54 ./simplicity_sdk_2025.6.1/platform/service/interrupt_manager/src/sl_interrupt_manager_cortexm.o
                0x08003b60                sl_interrupt_manager_set_irq_priority
 .text.sl_interrupt_manager_init
                0x08003bb4       0x34 ./simplicity_sdk_2025.6.1/platform/service/interrupt_manager/src/sl_interrupt_manager_cortexm.o
                0x08003bb4                sl_interrupt_manager_init
 .text.sl_iostream_set_default
                0x08003be8       0x18 ./simplicity_sdk_2025.6.1/platform/service/iostream/src/sl_iostream.o
                0x08003be8                sl_iostream_set_default
 .text.sl_iostream_get_default
                0x08003c00       0x18 ./simplicity_sdk_2025.6.1/platform/service/iostream/src/sl_iostream.o
                0x08003c00                sl_iostream_get_default
 .text.sl_iostream_eusart_init
                0x08003c18      0x24c ./simplicity_sdk_2025.6.1/platform/service/iostream/src/sl_iostream_eusart.o
                0x08003c18                sl_iostream_eusart_init
 .text.sl_iostream_eusart_irq_handler
                0x08003e64       0x10 ./simplicity_sdk_2025.6.1/platform/service/iostream/src/sl_iostream_eusart.o
                0x08003e64                sl_iostream_eusart_irq_handler
 .text.__rx_buffer_empty
                0x08003e74       0x34 ./simplicity_sdk_2025.6.1/platform/service/iostream/src/sl_iostream_uart.o
 .text.__rx_buffer_full
                0x08003ea8       0x4c ./simplicity_sdk_2025.6.1/platform/service/iostream/src/sl_iostream_uart.o
 .text.__get_write_ptr
                0x08003ef4       0x60 ./simplicity_sdk_2025.6.1/platform/service/iostream/src/sl_iostream_uart.o
 .text.__uart_async_start_write
                0x08003f54       0x74 ./simplicity_sdk_2025.6.1/platform/service/iostream/src/sl_iostream_uart.o
 .text.set_new_data_detect
                0x08003fc8      0x174 ./simplicity_sdk_2025.6.1/platform/service/iostream/src/sl_iostream_uart.o
 .text.__uart_async_tx_dma_callback
                0x0800413c       0x40 ./simplicity_sdk_2025.6.1/platform/service/iostream/src/sl_iostream_uart.o
 .text.rx_buffer_empty
                0x0800417c       0x38 ./simplicity_sdk_2025.6.1/platform/service/iostream/src/sl_iostream_uart.o
 .text.uart_read
                0x080041b4      0x2cc ./simplicity_sdk_2025.6.1/platform/service/iostream/src/sl_iostream_uart.o
 .text.uart_write
                0x08004480      0x124 ./simplicity_sdk_2025.6.1/platform/service/iostream/src/sl_iostream_uart.o
 .text.sli_iostream_uart_context_init
                0x080045a4      0x150 ./simplicity_sdk_2025.6.1/platform/service/iostream/src/sl_iostream_uart.o
                0x080045a4                sli_iostream_uart_context_init
 .text.uart_deinit
                0x080046f4       0x9c ./simplicity_sdk_2025.6.1/platform/service/iostream/src/sl_iostream_uart.o
 .text._sbrk    0x08004790       0x20 ./simplicity_sdk_2025.6.1/platform/service/memory_manager/src/sl_memory_manager_region.o
                0x08004790                _sbrk
 .text.sl_sleeptimer_init
                0x080047b0       0x74 ./simplicity_sdk_2025.6.1/platform/service/sleeptimer/src/sl_sleeptimer.o
                0x080047b0                sl_sleeptimer_init
 .text.sl_sleeptimer_delay_millisecond
                0x08004824       0x38 ./simplicity_sdk_2025.6.1/platform/service/sleeptimer/src/sl_sleeptimer.o
                0x08004824                sl_sleeptimer_delay_millisecond
 .text.sleeptimer_hal_init_timer
                0x0800485c       0x6c ./simplicity_sdk_2025.6.1/platform/service/sleeptimer/src/sl_sleeptimer_hal_sysrtc.o
                0x0800485c                sleeptimer_hal_init_timer
 .text.sl_udelay_wait
                0x080048c8       0x58 ./simplicity_sdk_2025.6.1/platform/service/udelay/src/sl_udelay.o
                0x080048c8                sl_udelay_wait
 .text          0x08004920      0x378 c:/siliconlabs/simplicitystudio/v5/developer/toolchains/gnu_arm/12.2.rel1_2023.7/bin/../lib/gcc/arm-none-eabi/12.2.1/thumb/v8-m.main+fp/hard\libgcc.a(_arm_addsubdf3.o)
                0x08004920                __aeabi_drsub
                0x08004928                __aeabi_dsub
                0x08004928                __subdf3
                0x0800492c                __aeabi_dadd
                0x0800492c                __adddf3
                0x08004ba4                __floatunsidf
                0x08004ba4                __aeabi_ui2d
                0x08004bc4                __floatsidf
                0x08004bc4                __aeabi_i2d
                0x08004be8                __aeabi_f2d
                0x08004be8                __extendsfdf2
                0x08004c2c                __floatundidf
                0x08004c2c                __aeabi_ul2d
                0x08004c3c                __floatdidf
                0x08004c3c                __aeabi_l2d
 .text          0x08004c98       0x30 c:/siliconlabs/simplicitystudio/v5/developer/toolchains/gnu_arm/12.2.rel1_2023.7/bin/../lib/gcc/arm-none-eabi/12.2.1/thumb/v8-m.main+fp/hard\libgcc.a(_aeabi_uldivmod.o)
                0x08004c98                __aeabi_uldivmod
 .text.__udivmoddi4
                0x08004cc8      0x2ec c:/siliconlabs/simplicitystudio/v5/developer/toolchains/gnu_arm/12.2.rel1_2023.7/bin/../lib/gcc/arm-none-eabi/12.2.1/thumb/v8-m.main+fp/hard\libgcc.a(_udivmoddi4.o)
                0x08004cc8                __udivmoddi4
 .text          0x08004fb4        0x4 c:/siliconlabs/simplicitystudio/v5/developer/toolchains/gnu_arm/12.2.rel1_2023.7/bin/../lib/gcc/arm-none-eabi/12.2.1/thumb/v8-m.main+fp/hard\libgcc.a(_dvmd_tls.o)
                0x08004fb4                __aeabi_idiv0
                0x08004fb4                __aeabi_ldiv0
 .text.exit     0x08004fb8       0x24 c:/siliconlabs/simplicitystudio/v5/developer/toolchains/gnu_arm/12.2.rel1_2023.7/bin/../lib/gcc/arm-none-eabi/12.2.1/thumb/v8-m.main+fp/hard\libc_nano.a(libc_a-exit.o)
                0x08004fb8                exit
 .text.std      0x08004fdc       0x6c c:/siliconlabs/simplicitystudio/v5/developer/toolchains/gnu_arm/12.2.rel1_2023.7/bin/../lib/gcc/arm-none-eabi/12.2.1/thumb/v8-m.main+fp/hard\libc_nano.a(libc_a-findfp.o)
 .text.stdio_exit_handler
                0x08005048       0x18 c:/siliconlabs/simplicitystudio/v5/developer/toolchains/gnu_arm/12.2.rel1_2023.7/bin/../lib/gcc/arm-none-eabi/12.2.1/thumb/v8-m.main+fp/hard\libc_nano.a(libc_a-findfp.o)
 .text.cleanup_stdio
                0x08005060       0x40 c:/siliconlabs/simplicitystudio/v5/developer/toolchains/gnu_arm/12.2.rel1_2023.7/bin/../lib/gcc/arm-none-eabi/12.2.1/thumb/v8-m.main+fp/hard\libc_nano.a(libc_a-findfp.o)
 .text.global_stdio_init.part.0
                0x080050a0       0x3c c:/siliconlabs/simplicitystudio/v5/developer/toolchains/gnu_arm/12.2.rel1_2023.7/bin/../lib/gcc/arm-none-eabi/12.2.1/thumb/v8-m.main+fp/hard\libc_nano.a(libc_a-findfp.o)
 .text.__sfp_lock_acquire
                0x080050dc        0xc c:/siliconlabs/simplicitystudio/v5/developer/toolchains/gnu_arm/12.2.rel1_2023.7/bin/../lib/gcc/arm-none-eabi/12.2.1/thumb/v8-m.main+fp/hard\libc_nano.a(libc_a-findfp.o)
                0x080050dc                __sfp_lock_acquire
 .text.__sfp_lock_release
                0x080050e8        0xc c:/siliconlabs/simplicitystudio/v5/developer/toolchains/gnu_arm/12.2.rel1_2023.7/bin/../lib/gcc/arm-none-eabi/12.2.1/thumb/v8-m.main+fp/hard\libc_nano.a(libc_a-findfp.o)
                0x080050e8                __sfp_lock_release
 .text.__sinit  0x080050f4       0x30 c:/siliconlabs/simplicitystudio/v5/developer/toolchains/gnu_arm/12.2.rel1_2023.7/bin/../lib/gcc/arm-none-eabi/12.2.1/thumb/v8-m.main+fp/hard\libc_nano.a(libc_a-findfp.o)
                0x080050f4                __sinit
 .text.printf   0x08005124       0x24 c:/siliconlabs/simplicitystudio/v5/developer/toolchains/gnu_arm/12.2.rel1_2023.7/bin/../lib/gcc/arm-none-eabi/12.2.1/thumb/v8-m.main+fp/hard\libc_nano.a(libc_a-printf.o)
                0x08005124                iprintf
                0x08005124                printf
 .text._close_r
                0x08005148       0x20 c:/siliconlabs/simplicitystudio/v5/developer/toolchains/gnu_arm/12.2.rel1_2023.7/bin/../lib/gcc/arm-none-eabi/12.2.1/thumb/v8-m.main+fp/hard\libc_nano.a(libc_a-closer.o)
                0x08005148                _close_r
 .text._lseek_r
                0x08005168       0x24 c:/siliconlabs/simplicitystudio/v5/developer/toolchains/gnu_arm/12.2.rel1_2023.7/bin/../lib/gcc/arm-none-eabi/12.2.1/thumb/v8-m.main+fp/hard\libc_nano.a(libc_a-lseekr.o)
                0x08005168                _lseek_r
 .text._read_r  0x0800518c       0x24 c:/siliconlabs/simplicitystudio/v5/developer/toolchains/gnu_arm/12.2.rel1_2023.7/bin/../lib/gcc/arm-none-eabi/12.2.1/thumb/v8-m.main+fp/hard\libc_nano.a(libc_a-readr.o)
                0x0800518c                _read_r
 .text._write_r
                0x080051b0       0x24 c:/siliconlabs/simplicitystudio/v5/developer/toolchains/gnu_arm/12.2.rel1_2023.7/bin/../lib/gcc/arm-none-eabi/12.2.1/thumb/v8-m.main+fp/hard\libc_nano.a(libc_a-writer.o)
                0x080051b0                _write_r
 .text.__libc_init_array
                0x080051d4       0x48 c:/siliconlabs/simplicitystudio/v5/developer/toolchains/gnu_arm/12.2.rel1_2023.7/bin/../lib/gcc/arm-none-eabi/12.2.1/thumb/v8-m.main+fp/hard\libc_nano.a(libc_a-init.o)
                0x080051d4                __libc_init_array
 .text._free_r  0x0800521c       0x94 c:/siliconlabs/simplicitystudio/v5/developer/toolchains/gnu_arm/12.2.rel1_2023.7/bin/../lib/gcc/arm-none-eabi/12.2.1/thumb/v8-m.main+fp/hard\libc_nano.a(libc_a-freer.o)
                0x0800521c                _free_r
 .text.sbrk_aligned
                0x080052b0       0x44 c:/siliconlabs/simplicitystudio/v5/developer/toolchains/gnu_arm/12.2.rel1_2023.7/bin/../lib/gcc/arm-none-eabi/12.2.1/thumb/v8-m.main+fp/hard\libc_nano.a(libc_a-mallocr.o)
 .text._malloc_r
                0x080052f4       0xf0 c:/siliconlabs/simplicitystudio/v5/developer/toolchains/gnu_arm/12.2.rel1_2023.7/bin/../lib/gcc/arm-none-eabi/12.2.1/thumb/v8-m.main+fp/hard\libc_nano.a(libc_a-mallocr.o)
                0x080052f4                _malloc_r
 .text.__malloc_lock
                0x080053e4        0xc c:/siliconlabs/simplicitystudio/v5/developer/toolchains/gnu_arm/12.2.rel1_2023.7/bin/../lib/gcc/arm-none-eabi/12.2.1/thumb/v8-m.main+fp/hard\libc_nano.a(libc_a-mlock.o)
                0x080053e4                __malloc_lock
 .text.__malloc_unlock
                0x080053f0        0xc c:/siliconlabs/simplicitystudio/v5/developer/toolchains/gnu_arm/12.2.rel1_2023.7/bin/../lib/gcc/arm-none-eabi/12.2.1/thumb/v8-m.main+fp/hard\libc_nano.a(libc_a-mlock.o)
                0x080053f0                __malloc_unlock
 .text._vfprintf_r
                0x080053fc      0x230 c:/siliconlabs/simplicitystudio/v5/developer/toolchains/gnu_arm/12.2.rel1_2023.7/bin/../lib/gcc/arm-none-eabi/12.2.1/thumb/v8-m.main+fp/hard\libc_nano.a(libc_a-nano-vfprintf.o)
                0x080053fc                _vfprintf_r
                0x080053fc                _vfiprintf_r
 .text._printf_i
                0x0800562c      0x258 c:/siliconlabs/simplicitystudio/v5/developer/toolchains/gnu_arm/12.2.rel1_2023.7/bin/../lib/gcc/arm-none-eabi/12.2.1/thumb/v8-m.main+fp/hard\libc_nano.a(libc_a-nano-vfprintf_i.o)
                0x0800562c                _printf_i
 .text.__swsetup_r
                0x08005884       0xac c:/siliconlabs/simplicitystudio/v5/developer/toolchains/gnu_arm/12.2.rel1_2023.7/bin/../lib/gcc/arm-none-eabi/12.2.1/thumb/v8-m.main+fp/hard\libc_nano.a(libc_a-wsetup.o)
                0x08005884                __swsetup_r
 .text._sbrk_r  0x08005930       0x20 c:/siliconlabs/simplicitystudio/v5/developer/toolchains/gnu_arm/12.2.rel1_2023.7/bin/../lib/gcc/arm-none-eabi/12.2.1/thumb/v8-m.main+fp/hard\libc_nano.a(libc_a-sbrkr.o)
                0x08005930                _sbrk_r
 .text._fstat_r
                0x08005950       0x24 c:/siliconlabs/simplicitystudio/v5/developer/toolchains/gnu_arm/12.2.rel1_2023.7/bin/../lib/gcc/arm-none-eabi/12.2.1/thumb/v8-m.main+fp/hard\libc_nano.a(libc_a-fstatr.o)
                0x08005950                _fstat_r
 .text._isatty_r
                0x08005974       0x20 c:/siliconlabs/simplicitystudio/v5/developer/toolchains/gnu_arm/12.2.rel1_2023.7/bin/../lib/gcc/arm-none-eabi/12.2.1/thumb/v8-m.main+fp/hard\libc_nano.a(libc_a-isattyr.o)
                0x08005974                _isatty_r
 .text.startup.main
                0x08005994       0x14 ./main.o
                0x08005994                main
 .text.sl_icm42688p_hw_delay_short
                0x080059a8       0x18 ./sl_icm42688p.o
 .text.sl_icm42688p_deinit
                0x080059c0        0xe ./sl_icm42688p.o
                0x080059c0                sl_icm42688p_deinit
 .text.sl_icm42688p_reset
                0x080059ce       0x14 ./sl_icm42688p.o
                0x080059ce                sl_icm42688p_reset
 .text.sl_icm42688p_masked_write
                0x080059e2       0x32 ./sl_icm42688p.o
                0x080059e2                sl_icm42688p_masked_write
 .text.sl_icm42688p_set_bank
                0x08005a14        0xa ./sl_icm42688p.o
                0x08005a14                sl_icm42688p_set_bank
 .text.sl_icm42688p_set_full_scale_accel
                0x08005a1e       0x22 ./sl_icm42688p.o
                0x08005a1e                sl_icm42688p_set_full_scale_accel
 .text.sl_icm42688p_set_full_scale_gyro
                0x08005a40       0x22 ./sl_icm42688p.o
                0x08005a40                sl_icm42688p_set_full_scale_gyro
 .text.sl_icm42688p_enable_sensor
                0x08005a62       0x24 ./sl_icm42688p.o
                0x08005a62                sl_icm42688p_enable_sensor
 .text.sl_icm42688p_enable_interrupt
                0x08005a86       0x1a ./sl_icm42688p.o
                0x08005a86                sl_icm42688p_enable_interrupt
 .text.sl_icm42688p_get_device_id
                0x08005aa0       0x10 ./sl_icm42688p.o
                0x08005aa0                sl_icm42688p_get_device_id
 .text.sl_icm42688p_is_data_ready
                0x08005ab0       0x22 ./sl_icm42688p.o
                0x08005ab0                sl_icm42688p_is_data_ready
 .text.sl_icm42688p_accel_set_bandwidth
                0x08005ad2       0x2a ./sl_icm42688p.o
                0x08005ad2                sl_icm42688p_accel_set_bandwidth
 .text.sl_icm42688p_gyro_set_bandwidth
                0x08005afc       0x2a ./sl_icm42688p.o
                0x08005afc                sl_icm42688p_gyro_set_bandwidth
 .text.sl_icm42688p_read_interrupt_status
                0x08005b26       0x26 ./sl_icm42688p.o
                0x08005b26                sl_icm42688p_read_interrupt_status
 .text.sl_board_default_init
                0x08005b4c        0x2 ./autogen/sl_board_default_init.o
                0x08005b4c                sl_board_default_init
 .text.sli_driver_permanent_allocation
                0x08005b4e        0x2 ./autogen/sl_event_handler.o
                0x08005b4e                sli_driver_permanent_allocation
 .text.sli_service_permanent_allocation
                0x08005b50        0x2 ./autogen/sl_event_handler.o
                0x08005b50                sli_service_permanent_allocation
 .text.sli_stack_permanent_allocation
                0x08005b52        0x2 ./autogen/sl_event_handler.o
                0x08005b52                sli_stack_permanent_allocation
 .text.sli_internal_permanent_allocation
                0x08005b54        0x2 ./autogen/sl_event_handler.o
                0x08005b54                sli_internal_permanent_allocation
 .text.sl_platform_init
                0x08005b56       0x12 ./autogen/sl_event_handler.o
                0x08005b56                sl_platform_init
 .text.sli_internal_init_early
                0x08005b68        0x2 ./autogen/sl_event_handler.o
                0x08005b68                sli_internal_init_early
 .text.sl_driver_init
                0x08005b6a       0x12 ./autogen/sl_event_handler.o
                0x08005b6a                sl_driver_init
 .text.sl_service_init
                0x08005b7c       0x12 ./autogen/sl_event_handler.o
                0x08005b7c                sl_service_init
 .text.sl_stack_init
                0x08005b8e        0x2 ./autogen/sl_event_handler.o
                0x08005b8e                sl_stack_init
 .text.sl_internal_app_init
                0x08005b90        0x2 ./autogen/sl_event_handler.o
                0x08005b90                sl_internal_app_init
 .text.sli_platform_process_action
                0x08005b92        0x2 ./autogen/sl_event_handler.o
                0x08005b92                sli_platform_process_action
 .text.sli_service_process_action
                0x08005b94        0x2 ./autogen/sl_event_handler.o
                0x08005b94                sli_service_process_action
 .text.sli_stack_process_action
                0x08005b96        0x2 ./autogen/sl_event_handler.o
                0x08005b96                sli_stack_process_action
 .text.sli_internal_app_process_action
                0x08005b98        0x2 ./autogen/sl_event_handler.o
                0x08005b98                sli_internal_app_process_action
 .text.sl_iostream_eusart_init_instances
                0x08005b9a        0x4 ./autogen/sl_iostream_init_eusart_instances.o
                0x08005b9a                sl_iostream_eusart_init_instances
 .text.EUSART0_TX_IRQHandler
                0x08005b9e        0x4 ./autogen/sl_iostream_init_eusart_instances.o
                0x08005b9e                EUSART0_TX_IRQHandler
 .text.sl_board_configure_vcom
                0x08005ba2        0x4 ./simplicity_sdk_2025.6.1/hardware/board/src/sl_board_control_gpio.o
                0x08005ba2                sl_board_configure_vcom
 .text.sli_cos_swo_itm_8_write.constprop.0.isra.0
                0x08005ba6       0x78 ./simplicity_sdk_2025.6.1/hardware/driver/configuration_over_swo/src/sl_cos.o
 .text.sl_cos_send_config
                0x08005c1e       0x12 ./simplicity_sdk_2025.6.1/hardware/driver/configuration_over_swo/src/sl_cos.o
                0x08005c1e                sl_cos_send_config
 .text.sl_cos_config_vcom
                0x08005c30       0x1c ./simplicity_sdk_2025.6.1/hardware/driver/configuration_over_swo/src/sl_cos.o
                0x08005c30                sl_cos_config_vcom
 .text.Default_Handler
                0x08005c4c        0x2 ./simplicity_sdk_2025.6.1/platform/Device/SiliconLabs/EFR32MG24/Source/startup_efr32mg24.o
                0x08005c4c                ULFRCO_IRQHandler
                0x08005c4c                AHB2AHB1_IRQHandler
                0x08005c4c                SW2_IRQHandler
                0x08005c4c                TIMER2_IRQHandler
                0x08005c4c                DebugMon_Handler
                0x08005c4c                USART0_TX_IRQHandler
                0x08005c4c                IADC_IRQHandler
                0x08005c4c                I2C0_IRQHandler
                0x08005c4c                LFXO_IRQHandler
                0x08005c4c                HardFault_Handler
                0x08005c4c                SMU_SECURE_IRQHandler
                0x08005c4c                SysTick_Handler
                0x08005c4c                SYSRTC_SEQ_IRQHandler
                0x08005c4c                EMUEFP_IRQHandler
                0x08005c4c                PendSV_Handler
                0x08005c4c                NMI_Handler
                0x08005c4c                SYNTH_IRQHandler
                0x08005c4c                HOSTMAILBOX_IRQHandler
                0x08005c4c                HFXO0_IRQHandler
                0x08005c4c                I2C1_IRQHandler
                0x08005c4c                WDOG0_IRQHandler
                0x08005c4c                TIMER3_IRQHandler
                0x08005c4c                SYSCFG_IRQHandler
                0x08005c4c                RFECA1_IRQHandler
                0x08005c4c                EMUDG_IRQHandler
                0x08005c4c                MSC_IRQHandler
                0x08005c4c                DPLL0_IRQHandler
                0x08005c4c                UsageFault_Handler
                0x08005c4c                WDOG1_IRQHandler
                0x08005c4c                M33CTI1_IRQHandler
                0x08005c4c                TIMER4_IRQHandler
                0x08005c4c                VDAC0_IRQHandler
                0x08005c4c                SEMBTX_IRQHandler
                0x08005c4c                SW0_IRQHandler
                0x08005c4c                TIMER0_IRQHandler
                0x08005c4c                MVP_IRQHandler
                0x08005c4c                LETIMER0_IRQHandler
                0x08005c4c                EUSART1_RX_IRQHandler
                0x08005c4c                TIMER1_IRQHandler
                0x08005c4c                HFRCO0_IRQHandler
                0x08005c4c                SecureFault_Handler
                0x08005c4c                BUFC_IRQHandler
                0x08005c4c                DCDC_IRQHandler
                0x08005c4c                MODEM_IRQHandler
                0x08005c4c                Default_Handler
                0x08005c4c                RAC_SEQ_IRQHandler
                0x08005c4c                FRC_PRI_IRQHandler
                0x08005c4c                EMU_IRQHandler
                0x08005c4c                SW3_IRQHandler
                0x08005c4c                KERNEL0_IRQHandler
                0x08005c4c                FRC_IRQHandler
                0x08005c4c                PCNT0_IRQHandler
                0x08005c4c                KERNEL1_IRQHandler
                0x08005c4c                AGC_IRQHandler
                0x08005c4c                EUSART1_TX_IRQHandler
                0x08005c4c                KEYSCAN_IRQHandler
                0x08005c4c                sl_app_properties
                0x08005c4c                HFRCOEM23_IRQHandler
                0x08005c4c                BURTC_IRQHandler
                0x08005c4c                SEMBRX_IRQHandler
                0x08005c4c                RFECA0_IRQHandler
                0x08005c4c                LFRCO_IRQHandler
                0x08005c4c                VDAC1_IRQHandler
                0x08005c4c                ACMP0_IRQHandler
                0x08005c4c                USART0_RX_IRQHandler
                0x08005c4c                MemManage_Handler
                0x08005c4c                AHB2AHB0_IRQHandler
                0x08005c4c                SVC_Handler
                0x08005c4c                SMU_S_PRIVILEGED_IRQHandler
                0x08005c4c                SW1_IRQHandler
                0x08005c4c                CMU_IRQHandler
                0x08005c4c                RAC_RSM_IRQHandler
                0x08005c4c                SETAMPERHOST_IRQHandler
                0x08005c4c                AES_IRQHandler
                0x08005c4c                M33CTI0_IRQHandler
                0x08005c4c                ICACHE0_IRQHandler
                0x08005c4c                SMU_NS_PRIVILEGED_IRQHandler
                0x08005c4c                FPUEXH_IRQHandler
                0x08005c4c                PROTIMER_IRQHandler
                0x08005c4c                ACMP1_IRQHandler
                0x08005c4c                BusFault_Handler
                0x08005c4c                MPAHBRAM_IRQHandler
 .text.CopyMemory
                0x08005c4e       0x1a ./simplicity_sdk_2025.6.1/platform/Device/SiliconLabs/EFR32MG24/Source/startup_efr32mg24.o
                0x08005c4e                CopyMemory
 .text.assertEFM
                0x08005c68        0x2 ./simplicity_sdk_2025.6.1/platform/common/src/sl_assert.o
                0x08005c68                assertEFM
 .text.sl_slist_init
                0x08005c6a        0x6 ./simplicity_sdk_2025.6.1/platform/common/src/sl_slist.o
                0x08005c6a                sl_slist_init
 .text._close   0x08005c70        0x6 ./simplicity_sdk_2025.6.1/platform/common/src/sl_syscalls.o
                0x08005c70                _close
 .text._exit    0x08005c76        0x2 ./simplicity_sdk_2025.6.1/platform/common/src/sl_syscalls.o
                0x08005c76                _exit
 .text._fstat   0x08005c78        0x4 ./simplicity_sdk_2025.6.1/platform/common/src/sl_syscalls.o
                0x08005c78                _fstat
 .text._isatty  0x08005c7c        0x4 ./simplicity_sdk_2025.6.1/platform/common/src/sl_syscalls.o
                0x08005c7c                _isatty
 .text._lseek   0x08005c80        0x4 ./simplicity_sdk_2025.6.1/platform/common/src/sl_syscalls.o
                0x08005c80                _lseek
 .text._read    0x08005c84        0x4 ./simplicity_sdk_2025.6.1/platform/common/src/sl_syscalls.o
                0x08005c84                _read
 .text._write   0x08005c88        0x4 ./simplicity_sdk_2025.6.1/platform/common/src/sl_syscalls.o
                0x08005c88                _write
 .text.sl_debug_swo_enable_itm
                0x08005c8c       0x16 ./simplicity_sdk_2025.6.1/platform/driver/debug/src/sl_debug_swo.o
                0x08005c8c                sl_debug_swo_enable_itm
 .text.sl_debug_swo_disable_itm
                0x08005ca2       0x18 ./simplicity_sdk_2025.6.1/platform/driver/debug/src/sl_debug_swo.o
                0x08005ca2                sl_debug_swo_disable_itm
 .text.DMADRV_PeripheralMemory
                0x08005cba       0x34 ./simplicity_sdk_2025.6.1/platform/emdrv/dmadrv/src/dmadrv.o
                0x08005cba                DMADRV_PeripheralMemory
 .text.BUS_RegMaskedWrite
                0x08005cee       0x1e ./simplicity_sdk_2025.6.1/platform/emlib/src/em_cmu.o
 .text.waitStateMax
                0x08005d0c       0x10 ./simplicity_sdk_2025.6.1/platform/emlib/src/em_cmu.o
 .text.CMU_UpdateWaitStates
                0x08005d1c        0xc ./simplicity_sdk_2025.6.1/platform/emlib/src/em_cmu.o
                0x08005d1c                CMU_UpdateWaitStates
 .text.pclkDivMax
                0x08005d28        0xa ./simplicity_sdk_2025.6.1/platform/emlib/src/em_cmu.o
 .text.EMU_EFPEM01VScale
                0x08005d32        0x2 ./simplicity_sdk_2025.6.1/platform/emlib/src/em_emu.o
                0x08005d32                EMU_EFPEM01VScale
 .text.EMU_DCDCUpdatedHook
                0x08005d34        0x2 ./simplicity_sdk_2025.6.1/platform/emlib/src/em_emu.o
                0x08005d34                EMU_DCDCUpdatedHook
 .text.eusart_sync
                0x08005d36        0x8 ./simplicity_sdk_2025.6.1/platform/emlib/src/em_eusart.o
 .text.EUSART_Disable
                0x08005d3e       0x34 ./simplicity_sdk_2025.6.1/platform/emlib/src/em_eusart.o
 .text.EUSART_Tx
                0x08005d72        0xa ./simplicity_sdk_2025.6.1/platform/emlib/src/em_eusart.o
                0x08005d72                EUSART_Tx
 .text.EUSART_Spi_TxRx
                0x08005d7c       0x14 ./simplicity_sdk_2025.6.1/platform/emlib/src/em_eusart.o
                0x08005d7c                EUSART_Spi_TxRx
 .text.BUS_RegMaskedWrite
                0x08005d90       0x1e ./simplicity_sdk_2025.6.1/platform/emlib/src/em_gpio.o
 .text.sl_hal_bus_reg_write_mask
                0x08005dae       0x1e ./simplicity_sdk_2025.6.1/platform/peripheral/src/sl_hal_gpio.o
 .text.sl_clock_manager_runtime_init
                0x08005dcc        0x4 ./simplicity_sdk_2025.6.1/platform/service/clock_manager/src/sl_clock_manager.o
                0x08005dcc                sl_clock_manager_runtime_init
 .text.sli_clock_manager_hal_runtime_init
                0x08005dd0        0x4 ./simplicity_sdk_2025.6.1/platform/service/clock_manager/src/sl_clock_manager_hal_s2.o
                0x08005dd0                sli_clock_manager_hal_runtime_init
 .text.sl_clock_manager_init
                0x08005dd4        0x4 ./simplicity_sdk_2025.6.1/platform/service/clock_manager/src/sl_clock_manager_init.o
                0x08005dd4                sl_clock_manager_init
 .text.eusart_rx
                0x08005dd8       0x16 ./simplicity_sdk_2025.6.1/platform/service/iostream/src/sl_iostream_eusart.o
 .text.eusart_deinit
                0x08005dee       0x7c ./simplicity_sdk_2025.6.1/platform/service/iostream/src/sl_iostream_eusart.o
 .text.eusart_tx
                0x08005e6a       0x10 ./simplicity_sdk_2025.6.1/platform/service/iostream/src/sl_iostream_eusart.o
 .text.set_auto_cr_lf
                0x08005e7a        0x6 ./simplicity_sdk_2025.6.1/platform/service/iostream/src/sl_iostream_uart.o
 .text.get_auto_cr_lf
                0x08005e80        0x6 ./simplicity_sdk_2025.6.1/platform/service/iostream/src/sl_iostream_uart.o
 .text.__uart_async_rx_dma_callback
                0x08005e86       0x70 ./simplicity_sdk_2025.6.1/platform/service/iostream/src/sl_iostream_uart.o
 .text.uart_write_async
                0x08005ef6       0x46 ./simplicity_sdk_2025.6.1/platform/service/iostream/src/sl_iostream_uart.o
 .text.sli_iostream_uart_unsubscribe_to_new_data
                0x08005f3c       0x1c ./simplicity_sdk_2025.6.1/platform/service/iostream/src/sl_iostream_uart.o
                0x08005f3c                sli_iostream_uart_unsubscribe_to_new_data
 .text.__wrap_sl_system_init
                0x08005f58        0x4 ./simplicity_sdk_2025.6.1/platform/service/sl_main/sl_system_compatibility/src/sl_system_compatibility.o
                0x08005f58                __wrap_sl_system_init
 .text.__wrap_sl_system_process_action
                0x08005f5c        0x4 ./simplicity_sdk_2025.6.1/platform/service/sl_main/sl_system_compatibility/src/sl_system_compatibility.o
                0x08005f5c                __wrap_sl_system_process_action
 .text.app_init_pre_clock
                0x08005f60        0x2 ./simplicity_sdk_2025.6.1/platform/service/sl_main/src/sl_main_init.o
                0x08005f60                app_init_pre_clock
 .text.app_init_early
                0x08005f62        0x2 ./simplicity_sdk_2025.6.1/platform/service/sl_main/src/sl_main_init.o
                0x08005f62                app_init_early
 .text.sl_main_second_stage_init
                0x08005f64       0x1a ./simplicity_sdk_2025.6.1/platform/service/sl_main/src/sl_main_init.o
                0x08005f64                sl_main_second_stage_init
 .text.sl_main_init
                0x08005f7e       0x2e ./simplicity_sdk_2025.6.1/platform/service/sl_main/src/sl_main_init.o
                0x08005f7e                sl_main_init
 .text.app_permanent_memory_alloc
                0x08005fac        0x2 ./simplicity_sdk_2025.6.1/platform/service/sl_main/src/sl_main_init_memory.o
                0x08005fac                app_permanent_memory_alloc
 .text.sli_allocate_permanent_memory
                0x08005fae       0x18 ./simplicity_sdk_2025.6.1/platform/service/sl_main/src/sl_main_init_memory.o
                0x08005fae                sli_allocate_permanent_memory
 .text.sl_main_process_action
                0x08005fc6       0x16 ./simplicity_sdk_2025.6.1/platform/service/sl_main/src/sl_main_process_action.o
                0x08005fc6                sl_main_process_action
 .text._fwalk_sglue
                0x08005fdc       0x3c c:/siliconlabs/simplicitystudio/v5/developer/toolchains/gnu_arm/12.2.rel1_2023.7/bin/../lib/gcc/arm-none-eabi/12.2.1/thumb/v8-m.main+fp/hard\libc_nano.a(libc_a-fwalk.o)
                0x08005fdc                _fwalk_sglue
 .text.__sread  0x08006018       0x22 c:/siliconlabs/simplicitystudio/v5/developer/toolchains/gnu_arm/12.2.rel1_2023.7/bin/../lib/gcc/arm-none-eabi/12.2.1/thumb/v8-m.main+fp/hard\libc_nano.a(libc_a-stdio.o)
                0x08006018                __sread
 .text.__swrite
                0x0800603a       0x38 c:/siliconlabs/simplicitystudio/v5/developer/toolchains/gnu_arm/12.2.rel1_2023.7/bin/../lib/gcc/arm-none-eabi/12.2.1/thumb/v8-m.main+fp/hard\libc_nano.a(libc_a-stdio.o)
                0x0800603a                __swrite
 .text.__sseek  0x08006072       0x24 c:/siliconlabs/simplicitystudio/v5/developer/toolchains/gnu_arm/12.2.rel1_2023.7/bin/../lib/gcc/arm-none-eabi/12.2.1/thumb/v8-m.main+fp/hard\libc_nano.a(libc_a-stdio.o)
                0x08006072                __sseek
 .text.__sclose
                0x08006096        0x8 c:/siliconlabs/simplicitystudio/v5/developer/toolchains/gnu_arm/12.2.rel1_2023.7/bin/../lib/gcc/arm-none-eabi/12.2.1/thumb/v8-m.main+fp/hard\libc_nano.a(libc_a-stdio.o)
                0x08006096                __sclose
 .text.memset   0x0800609e       0x10 c:/siliconlabs/simplicitystudio/v5/developer/toolchains/gnu_arm/12.2.rel1_2023.7/bin/../lib/gcc/arm-none-eabi/12.2.1/thumb/v8-m.main+fp/hard\libc_nano.a(libc_a-memset.o)
                0x0800609e                memset
 .text.__retarget_lock_init_recursive
                0x080060ae        0x2 c:/siliconlabs/simplicitystudio/v5/developer/toolchains/gnu_arm/12.2.rel1_2023.7/bin/../lib/gcc/arm-none-eabi/12.2.1/thumb/v8-m.main+fp/hard\libc_nano.a(libc_a-lock.o)
                0x080060ae                __retarget_lock_init_recursive
 .text.__retarget_lock_acquire_recursive
                0x080060b0        0x2 c:/siliconlabs/simplicitystudio/v5/developer/toolchains/gnu_arm/12.2.rel1_2023.7/bin/../lib/gcc/arm-none-eabi/12.2.1/thumb/v8-m.main+fp/hard\libc_nano.a(libc_a-lock.o)
                0x080060b0                __retarget_lock_acquire_recursive
 .text.__retarget_lock_release_recursive
                0x080060b2        0x2 c:/siliconlabs/simplicitystudio/v5/developer/toolchains/gnu_arm/12.2.rel1_2023.7/bin/../lib/gcc/arm-none-eabi/12.2.1/thumb/v8-m.main+fp/hard\libc_nano.a(libc_a-lock.o)
                0x080060b2                __retarget_lock_release_recursive
 .text.memcpy   0x080060b4       0x1a c:/siliconlabs/simplicitystudio/v5/developer/toolchains/gnu_arm/12.2.rel1_2023.7/bin/../lib/gcc/arm-none-eabi/12.2.1/thumb/v8-m.main+fp/hard\libc_nano.a(libc_a-memcpy-stub.o)
                0x080060b4                memcpy
 .text.__sfputc_r
                0x080060ce       0x2e c:/siliconlabs/simplicitystudio/v5/developer/toolchains/gnu_arm/12.2.rel1_2023.7/bin/../lib/gcc/arm-none-eabi/12.2.1/thumb/v8-m.main+fp/hard\libc_nano.a(libc_a-nano-vfprintf.o)
 .text.__sfputs_r
                0x080060fc       0x24 c:/siliconlabs/simplicitystudio/v5/developer/toolchains/gnu_arm/12.2.rel1_2023.7/bin/../lib/gcc/arm-none-eabi/12.2.1/thumb/v8-m.main+fp/hard\libc_nano.a(libc_a-nano-vfprintf.o)
                0x080060fc                __sfputs_r
 .text._printf_common
                0x08006120       0xe4 c:/siliconlabs/simplicitystudio/v5/developer/toolchains/gnu_arm/12.2.rel1_2023.7/bin/../lib/gcc/arm-none-eabi/12.2.1/thumb/v8-m.main+fp/hard\libc_nano.a(libc_a-nano-vfprintf_i.o)
                0x08006120                _printf_common
 .text.__sflush_r
                0x08006204      0x106 c:/siliconlabs/simplicitystudio/v5/developer/toolchains/gnu_arm/12.2.rel1_2023.7/bin/../lib/gcc/arm-none-eabi/12.2.1/thumb/v8-m.main+fp/hard\libc_nano.a(libc_a-fflush.o)
                0x08006204                __sflush_r
 .text._fflush_r
                0x0800630a       0x50 c:/siliconlabs/simplicitystudio/v5/developer/toolchains/gnu_arm/12.2.rel1_2023.7/bin/../lib/gcc/arm-none-eabi/12.2.1/thumb/v8-m.main+fp/hard\libc_nano.a(libc_a-fflush.o)
                0x0800630a                _fflush_r
 .text.__swbuf_r
                0x0800635a       0x7c c:/siliconlabs/simplicitystudio/v5/developer/toolchains/gnu_arm/12.2.rel1_2023.7/bin/../lib/gcc/arm-none-eabi/12.2.1/thumb/v8-m.main+fp/hard\libc_nano.a(libc_a-wbuf.o)
                0x0800635a                __swbuf_r
 .text.memchr   0x080063d6       0x1c c:/siliconlabs/simplicitystudio/v5/developer/toolchains/gnu_arm/12.2.rel1_2023.7/bin/../lib/gcc/arm-none-eabi/12.2.1/thumb/v8-m.main+fp/hard\libc_nano.a(libc_a-memchr-stub.o)
                0x080063d6                memchr
 .text.__swhatbuf_r
                0x080063f2       0x4a c:/siliconlabs/simplicitystudio/v5/developer/toolchains/gnu_arm/12.2.rel1_2023.7/bin/../lib/gcc/arm-none-eabi/12.2.1/thumb/v8-m.main+fp/hard\libc_nano.a(libc_a-makebuf.o)
                0x080063f2                __swhatbuf_r
 .text.__smakebuf_r
                0x0800643c       0x78 c:/siliconlabs/simplicitystudio/v5/developer/toolchains/gnu_arm/12.2.rel1_2023.7/bin/../lib/gcc/arm-none-eabi/12.2.1/thumb/v8-m.main+fp/hard\libc_nano.a(libc_a-makebuf.o)
                0x0800643c                __smakebuf_r
 *(SORT_BY_ALIGNMENT(text_*))
 text_system_timecritical19225
                0x080064b4        0xc ./simplicity_sdk_2025.6.1/platform/Device/SiliconLabs/EFR32MG24/Source/system_efr32mg24.o
                0x080064b4                SystemHFRCODPLLClockGet
 text_system_timecritical20228
                0x080064c0       0x40 ./simplicity_sdk_2025.6.1/platform/Device/SiliconLabs/EFR32MG24/Source/system_efr32mg24.o
                0x080064c0                SystemSYSCLKGet
 text_system_timecritical16181
                0x08006500       0x24 ./simplicity_sdk_2025.6.1/platform/Device/SiliconLabs/EFR32MG24/Source/system_efr32mg24.o
                0x08006500                SystemHCLKGet
 text_system_timecritical21230
                0x08006524        0x8 ./simplicity_sdk_2025.6.1/platform/Device/SiliconLabs/EFR32MG24/Source/system_efr32mg24.o
                0x08006524                SystemMaxCoreClockGet
 text_system_timecritical22232
                0x0800652c        0x8 ./simplicity_sdk_2025.6.1/platform/Device/SiliconLabs/EFR32MG24/Source/system_efr32mg24.o
                0x0800652c                SystemFSRCOClockGet
 text_system_timecritical23234
                0x08006534        0xc ./simplicity_sdk_2025.6.1/platform/Device/SiliconLabs/EFR32MG24/Source/system_efr32mg24.o
                0x08006534                SystemHFXOClockGet
 text_system_timecritical24237
                0x08006540        0x8 ./simplicity_sdk_2025.6.1/platform/Device/SiliconLabs/EFR32MG24/Source/system_efr32mg24.o
                0x08006540                SystemCLKIN0Get
 text_system_timecritical25239
                0x08006548       0x90 ./simplicity_sdk_2025.6.1/platform/Device/SiliconLabs/EFR32MG24/Source/system_efr32mg24.o
                0x08006548                SystemHFRCOEM23ClockGet
 text_system_timecritical26241
                0x080065d8        0xc ./simplicity_sdk_2025.6.1/platform/Device/SiliconLabs/EFR32MG24/Source/system_efr32mg24.o
                0x080065d8                SystemLFXOClockGet
 text_dmadrv_timecritical29166
                0x080065e4       0x40 ./simplicity_sdk_2025.6.1/platform/emdrv/dmadrv/src/dmadrv.o
                0x080065e4                DMADRV_StopTransfer
 text_dmadrv_timecritical32174
                0x08006624       0x44 ./simplicity_sdk_2025.6.1/platform/emdrv/dmadrv/src/dmadrv.o
                0x08006624                DMADRV_TransferDone
 text_dmadrv_timecritical33177
                0x08006668       0x44 ./simplicity_sdk_2025.6.1/platform/emdrv/dmadrv/src/dmadrv.o
                0x08006668                DMADRV_TransferRemainingCount
 text_hal_gpio_timecritical29429
                0x080066ac       0x58 ./simplicity_sdk_2025.6.1/platform/peripheral/src/sl_hal_gpio.o
                0x080066ac                sl_hal_gpio_set_pin
 text_hal_sysrtc_timecritical29261
                0x08006704       0x14 ./simplicity_sdk_2025.6.1/platform/peripheral/src/sl_hal_sysrtc.o
                0x08006704                sl_hal_sysrtc_wait_sync
 text_hal_sysrtc_timecritical31625
                0x08006718       0x24 ./simplicity_sdk_2025.6.1/platform/peripheral/src/sl_hal_sysrtc.o
                0x08006718                sl_hal_sysrtc_wait_sync_group
 text_hal_sysrtc_timecritical32658
                0x0800673c       0x1c ./simplicity_sdk_2025.6.1/platform/peripheral/src/sl_hal_sysrtc.o
                0x0800673c                sl_hal_sysrtc_enable_group_interrupts
 text_hal_sysrtc_timecritical33674
                0x08006758       0x1c ./simplicity_sdk_2025.6.1/platform/peripheral/src/sl_hal_sysrtc.o
                0x08006758                sl_hal_sysrtc_disable_group_interrupts
 text_hal_sysrtc_timecritical34690
                0x08006774       0x1c ./simplicity_sdk_2025.6.1/platform/peripheral/src/sl_hal_sysrtc.o
                0x08006774                sl_hal_sysrtc_clear_group_interrupts
 text_hal_sysrtc_timecritical35709
                0x08006790       0x20 ./simplicity_sdk_2025.6.1/platform/peripheral/src/sl_hal_sysrtc.o
                0x08006790                sl_hal_sysrtc_get_group_interrupts
 text_hal_sysrtc_timecritical36758
                0x080067b0       0x28 ./simplicity_sdk_2025.6.1/platform/peripheral/src/sl_hal_sysrtc.o
                0x080067b0                sl_hal_sysrtc_get_group_compare_channel_value
 text_hal_sysrtc_timecritical37775
                0x080067d8       0x28 ./simplicity_sdk_2025.6.1/platform/peripheral/src/sl_hal_sysrtc.o
                0x080067d8                sl_hal_sysrtc_set_group_compare_channel_value
 text_clock_manager_timecritical2674
                0x08006800       0x54 ./simplicity_sdk_2025.6.1/platform/service/clock_manager/src/sl_clock_manager_hal_s2.o
                0x08006800                sli_clock_manager_hal_enable_bus_clock
 text_sleeptimer_timecritical66121
                0x08006854       0x40 ./simplicity_sdk_2025.6.1/platform/service/sleeptimer/src/sl_sleeptimer.o
 text_sleeptimer_timecritical67125
                0x08006894       0x3c ./simplicity_sdk_2025.6.1/platform/service/sleeptimer/src/sl_sleeptimer.o
 text_sleeptimer_timecritical69131
                0x080068d0       0x34 ./simplicity_sdk_2025.6.1/platform/service/sleeptimer/src/sl_sleeptimer.o
 text_sleeptimer_timecritical68128
                0x08006904       0x64 ./simplicity_sdk_2025.6.1/platform/service/sleeptimer/src/sl_sleeptimer.o
 text_sleeptimer_timecritical72140
                0x08006968       0x88 ./simplicity_sdk_2025.6.1/platform/service/sleeptimer/src/sl_sleeptimer.o
 text_sleeptimer_timecritical34276
                0x080069f0       0x3c ./simplicity_sdk_2025.6.1/platform/service/sleeptimer/src/sl_sleeptimer.o
                0x080069f0                sl_sleeptimer_is_timer_running
 text_sleeptimer_timecritical40684
                0x08006a2c       0x24 ./simplicity_sdk_2025.6.1/platform/service/sleeptimer/src/sl_sleeptimer.o
                0x08006a2c                sl_sleeptimer_ms_to_tick
 text_sleeptimer_timecritical65151
                0x08006a50      0x148 ./simplicity_sdk_2025.6.1/platform/service/sleeptimer/src/sl_sleeptimer.o
                0x08006a50                process_timer_irq
 text_sleeptimer_timecritical6454
                0x08006b98       0x10 ./simplicity_sdk_2025.6.1/platform/service/sleeptimer/src/sl_sleeptimer_hal_sysrtc.o
                0x08006b98                sleeptimer_hal_get_counter
 text_sleeptimer_timecritical6885
                0x08006ba8       0x18 ./simplicity_sdk_2025.6.1/platform/service/sleeptimer/src/sl_sleeptimer_hal_sysrtc.o
                0x08006ba8                sleeptimer_hal_get_timer_frequency
 text_sleeptimer_timecritical6670
                0x08006bc0       0x70 ./simplicity_sdk_2025.6.1/platform/service/sleeptimer/src/sl_sleeptimer_hal_sysrtc.o
                0x08006bc0                sleeptimer_hal_set_compare
 text_sleeptimer_timecritical70101
                0x08006c30       0x24 ./simplicity_sdk_2025.6.1/platform/service/sleeptimer/src/sl_sleeptimer_hal_sysrtc.o
                0x08006c30                sleeptimer_hal_disable_int
 text_sleeptimer_timecritical71109
                0x08006c54       0x10 ./simplicity_sdk_2025.6.1/platform/service/sleeptimer/src/sl_sleeptimer_hal_sysrtc.o
                0x08006c54                sleeptimer_hal_set_int
 text_system_timecritical27244
                0x08006c64        0x6 ./simplicity_sdk_2025.6.1/platform/Device/SiliconLabs/EFR32MG24/Source/system_efr32mg24.o
                0x08006c64                SystemLFRCOClockGet
 text_system_timecritical28246
                0x08006c6a        0x6 ./simplicity_sdk_2025.6.1/platform/Device/SiliconLabs/EFR32MG24/Source/system_efr32mg24.o
                0x08006c6a                SystemULFRCOClockGet
 text_core_timecritical2307
                0x08006c70        0xa ./simplicity_sdk_2025.6.1/platform/common/src/sl_core_cortexm.o
                0x08006c70                CORE_ExitCritical
 text_core_timecritical4331
                0x08006c7a        0x8 ./simplicity_sdk_2025.6.1/platform/common/src/sl_core_cortexm.o
                0x08006c7a                CORE_EnterCritical
 text_core_timecritical7363
                0x08006c82        0xa ./simplicity_sdk_2025.6.1/platform/common/src/sl_core_cortexm.o
                0x08006c82                CORE_ExitAtomic
 text_core_timecritical9387
                0x08006c8c        0xc ./simplicity_sdk_2025.6.1/platform/common/src/sl_core_cortexm.o
                0x08006c8c                CORE_EnterAtomic
 text_clock_manager_timecritical1352
                0x08006c98        0xa ./simplicity_sdk_2025.6.1/platform/service/clock_manager/src/sl_clock_manager.o
                0x08006c98                sl_clock_manager_get_clock_branch_frequency
 text_clock_manager_timecritical2380
                0x08006ca2        0x6 ./simplicity_sdk_2025.6.1/platform/service/clock_manager/src/sl_clock_manager.o
                0x08006ca2                sl_clock_manager_enable_bus_clock
 text_clock_manager_timecritical3394
                0x08006ca8        0x6 ./simplicity_sdk_2025.6.1/platform/service/clock_manager/src/sl_clock_manager.o
                0x08006ca8                sl_clock_manager_disable_bus_clock
 text_clock_manager_timecritical2561
                0x08006cae       0xc4 ./simplicity_sdk_2025.6.1/platform/service/clock_manager/src/sl_clock_manager_hal_s2.o
                0x08006cae                sli_clock_manager_hal_get_clock_branch_frequency
 text_sleeptimer_timecritical75155
                0x08006d72        0x6 ./simplicity_sdk_2025.6.1/platform/service/sleeptimer/src/sl_sleeptimer.o
 text_sleeptimer_timecritical29161
                0x08006d78       0x48 ./simplicity_sdk_2025.6.1/platform/service/sleeptimer/src/sl_sleeptimer.o
                0x08006d78                sl_sleeptimer_start_timer
 text_sleeptimer_timecritical6562
                0x08006dc0        0x8 ./simplicity_sdk_2025.6.1/platform/service/sleeptimer/src/sl_sleeptimer_hal_sysrtc.o
                0x08006dc0                sleeptimer_hal_get_compare
 text_sleeptimer_timecritical6993
                0x08006dc8       0x12 ./simplicity_sdk_2025.6.1/platform/service/sleeptimer/src/sl_sleeptimer_hal_sysrtc.o
                0x08006dc8                sleeptimer_hal_enable_int
 text_sleeptimer_timecritical86325
                0x08006dda       0x34 ./simplicity_sdk_2025.6.1/platform/service/sleeptimer/src/sl_sleeptimer_hal_sysrtc.o
                0x08006dda                SYSRTC_APP_IRQHandler
                0x08006e20                . = ALIGN (0x20)
 *fill*         0x08006e0e       0x12 
                0x08006e20                linker_code_end = .
 *(.init)
 .init          0x08006e20        0x4 c:/siliconlabs/simplicitystudio/v5/developer/toolchains/gnu_arm/12.2.rel1_2023.7/bin/../lib/gcc/arm-none-eabi/12.2.1/thumb/v8-m.main+fp/hard/crti.o
                0x08006e20                _init
 .init          0x08006e24        0x8 c:/siliconlabs/simplicitystudio/v5/developer/toolchains/gnu_arm/12.2.rel1_2023.7/bin/../lib/gcc/arm-none-eabi/12.2.1/thumb/v8-m.main+fp/hard/crtn.o
 *(.fini)
 .fini          0x08006e2c        0x4 c:/siliconlabs/simplicitystudio/v5/developer/toolchains/gnu_arm/12.2.rel1_2023.7/bin/../lib/gcc/arm-none-eabi/12.2.1/thumb/v8-m.main+fp/hard/crti.o
                0x08006e2c                _fini
 .fini          0x08006e30        0x8 c:/siliconlabs/simplicitystudio/v5/developer/toolchains/gnu_arm/12.2.rel1_2023.7/bin/../lib/gcc/arm-none-eabi/12.2.1/thumb/v8-m.main+fp/hard/crtn.o
 *crtbegin.o(.ctors)
 *crtbegin?.o(.ctors)
 *(EXCLUDE_FILE(*crtend.o *crtend?.o) .ctors)
 *(SORT_BY_NAME(.ctors.*))
 *(.ctors)
 *crtbegin.o(.dtors)
 *crtbegin?.o(.dtors)
 *(EXCLUDE_FILE(*crtend.o *crtend?.o) .dtors)
 *(SORT_BY_NAME(.dtors.*))
 *(.dtors)
 *(.rodata*)
 .rodata.app_init.str1.1
                0x08006e38       0x3f ./app.o
 .rodata.app_process_action.str1.1
                0x08006e77       0x3c ./app.o
 *fill*         0x08006eb3        0x1 
 .rodata        0x08006eb4       0x3c ./sl_icm42688p.o
 .rodata.sl_iostream_eusart_init_vcom.str1.1
                0x08006ef0       0x2f ./autogen/sl_iostream_init_eusart_instances.o
 .rodata.str1.1
                0x08006f1f        0x5 ./autogen/sl_iostream_init_eusart_instances.o
 .rodata        0x08006f24       0x3a ./simplicity_sdk_2025.6.1/hardware/driver/mx25_flash_shutdown/src/sl_mx25_flash_shutdown_eusart/sl_mx25_flash_shutdown.o
 .rodata.sl_slist_push.str1.1
                0x08006f5e       0x3a ./simplicity_sdk_2025.6.1/platform/common/src/sl_slist.o
 .rodata.str1.1
                0x08006f98       0x3e ./simplicity_sdk_2025.6.1/platform/driver/gpio/src/sl_gpio.o
 .rodata.CSWTCH.74
                0x08006fd6        0x6 ./simplicity_sdk_2025.6.1/platform/driver/gpio/src/sl_gpio.o
 .rodata        0x08006fdc        0x4 ./simplicity_sdk_2025.6.1/platform/emdrv/dmadrv/src/dmadrv.o
 .rodata.traceClkGet.str1.1
                0x08006fe0       0x37 ./simplicity_sdk_2025.6.1/platform/emlib/src/em_cmu.o
 .rodata.EMU_VScaleEM01.str1.1
                0x08007017       0x37 ./simplicity_sdk_2025.6.1/platform/emlib/src/em_emu.o
 .rodata.EUSART_Enable.str1.1
                0x0800704e       0x3a ./simplicity_sdk_2025.6.1/platform/emlib/src/em_eusart.o
 .rodata.BUS_RegBitWrite.str1.1
                0x08007088       0x6b ./simplicity_sdk_2025.6.1/platform/emlib/src/em_gpio.o
 .rodata.GPIO_PinOutSet.str1.1
                0x080070f3       0x6c ./simplicity_sdk_2025.6.1/platform/emlib/src/em_gpio.o
 .rodata.GPIO_ExtIntConfig.str1.1
                0x0800715f       0x38 ./simplicity_sdk_2025.6.1/platform/emlib/src/em_gpio.o
 *fill*         0x08007197        0x1 
 .rodata.CSWTCH.32
                0x08007198        0x8 ./simplicity_sdk_2025.6.1/platform/emlib/src/em_gpio.o
 .rodata.LDMA_EnableChannelRequest.str1.1
                0x080071a0       0x38 ./simplicity_sdk_2025.6.1/platform/emlib/src/em_ldma.o
                                 0xa3 (size before relaxing)
 .rodata.str1.1
                0x080071d8       0x75 ./simplicity_sdk_2025.6.1/platform/peripheral/src/sl_hal_gpio.o
 .rodata.sl_hal_gpio_set_pin_mode.str1.1
                0x0800724d       0x41 ./simplicity_sdk_2025.6.1/platform/peripheral/src/sl_hal_gpio.o
 .rodata.CSWTCH.54
                0x0800728e        0x6 ./simplicity_sdk_2025.6.1/platform/peripheral/src/sl_hal_gpio.o
 .rodata.sl_hal_sysrtc_start.str1.1
                0x08007294       0x77 ./simplicity_sdk_2025.6.1/platform/peripheral/src/sl_hal_sysrtc.o
 .rodata.str1.1
                0x0800730b       0x43 ./simplicity_sdk_2025.6.1/platform/peripheral/src/sl_hal_sysrtc.o
 .rodata.str1.1
                0x0800734e       0x58 ./simplicity_sdk_2025.6.1/platform/service/clock_manager/src/sl_clock_manager_hal_s2.o
                                 0xc3 (size before relaxing)
 .rodata.sli_clock_manager_hal_init.str1.1
                0x080073a6       0x5d ./simplicity_sdk_2025.6.1/platform/service/clock_manager/src/sl_clock_manager_init_hal_s2.o
 *fill*         0x08007403        0x1 
 .rodata        0x08007404       0x3c ./simplicity_sdk_2025.6.1/platform/service/clock_manager/src/sl_clock_manager_init_hal_s2.o
 .rodata        0x08007440        0x7 ./simplicity_sdk_2025.6.1/platform/service/device_init/src/sl_device_init_dcdc_s2.o
 *fill*         0x08007447        0x1 
 .rodata.SL_BUS_CLOCK_SYSRTC0_VALUE
                0x08007448        0x4 ./simplicity_sdk_2025.6.1/platform/service/device_manager/clocks/sl_device_clock_efr32xg24.o
                0x08007448                SL_BUS_CLOCK_SYSRTC0_VALUE
 .rodata.SL_BUS_CLOCK_LFRCO_VALUE
                0x0800744c        0x4 ./simplicity_sdk_2025.6.1/platform/service/device_manager/clocks/sl_device_clock_efr32xg24.o
                0x0800744c                SL_BUS_CLOCK_LFRCO_VALUE
 .rodata.SL_BUS_CLOCK_GPIO_VALUE
                0x08007450        0x4 ./simplicity_sdk_2025.6.1/platform/service/device_manager/clocks/sl_device_clock_efr32xg24.o
                0x08007450                SL_BUS_CLOCK_GPIO_VALUE
 .rodata.SL_BUS_CLOCK_EUSART1_VALUE
                0x08007454        0x4 ./simplicity_sdk_2025.6.1/platform/service/device_manager/clocks/sl_device_clock_efr32xg24.o
                0x08007454                SL_BUS_CLOCK_EUSART1_VALUE
 .rodata.SL_BUS_CLOCK_EUSART0_VALUE
                0x08007458        0x4 ./simplicity_sdk_2025.6.1/platform/service/device_manager/clocks/sl_device_clock_efr32xg24.o
                0x08007458                SL_BUS_CLOCK_EUSART0_VALUE
 .rodata.sl_peripheral_val_sysrtc0
                0x0800745c        0xc ./simplicity_sdk_2025.6.1/platform/service/device_manager/devices/sl_device_peripheral_hal_efr32xg24.o
                0x0800745c                sl_peripheral_val_sysrtc0
 .rodata.sl_peripheral_val_eusart0
                0x08007468        0xc ./simplicity_sdk_2025.6.1/platform/service/device_manager/devices/sl_device_peripheral_hal_efr32xg24.o
                0x08007468                sl_peripheral_val_eusart0
 .rodata.sl_interrupt_manager_disable_irq.str1.1
                0x08007474       0x61 ./simplicity_sdk_2025.6.1/platform/service/interrupt_manager/src/sl_interrupt_manager_cortexm.o
 .rodata.sl_iostream_eusart_init.str1.1
                0x080074d5       0x4e ./simplicity_sdk_2025.6.1/platform/service/iostream/src/sl_iostream_eusart.o
 *fill*         0x08007523        0x1 
 .rodata        0x08007524       0x40 ./simplicity_sdk_2025.6.1/platform/service/iostream/src/sl_iostream_eusart.o
 .rodata.__rx_buffer_full.str1.1
                0x08007564       0x4c ./simplicity_sdk_2025.6.1/platform/service/iostream/src/sl_iostream_uart.o
 .rodata.str1.1
                0x080075b0       0x4b ./simplicity_sdk_2025.6.1/platform/service/sleeptimer/src/sl_sleeptimer.o
 .rodata.sl_udelay_wait.str1.1
                0x080075fb       0x43 ./simplicity_sdk_2025.6.1/platform/service/udelay/src/sl_udelay.o
 .rodata._vfprintf_r.str1.1
                0x0800763e       0x11 c:/siliconlabs/simplicitystudio/v5/developer/toolchains/gnu_arm/12.2.rel1_2023.7/bin/../lib/gcc/arm-none-eabi/12.2.1/thumb/v8-m.main+fp/hard\libc_nano.a(libc_a-nano-vfprintf.o)
 .rodata._printf_i.str1.1
                0x0800764f       0x22 c:/siliconlabs/simplicitystudio/v5/developer/toolchains/gnu_arm/12.2.rel1_2023.7/bin/../lib/gcc/arm-none-eabi/12.2.1/thumb/v8-m.main+fp/hard\libc_nano.a(libc_a-nano-vfprintf_i.o)
 *(.eh_frame*)
 *fill*         0x08007671        0x3 
 .eh_frame      0x08007674        0x0 c:/siliconlabs/simplicitystudio/v5/developer/toolchains/gnu_arm/12.2.rel1_2023.7/bin/../lib/gcc/arm-none-eabi/12.2.1/thumb/v8-m.main+fp/hard/crtbegin.o

.glue_7         0x08007674        0x0
 .glue_7        0x08007674        0x0 linker stubs

.glue_7t        0x08007674        0x0
 .glue_7t       0x08007674        0x0 linker stubs

.vfp11_veneer   0x08007674        0x0
 .vfp11_veneer  0x08007674        0x0 linker stubs

.v4_bx          0x08007674        0x0
 .v4_bx         0x08007674        0x0 linker stubs

.iplt           0x08007674        0x0
 .iplt          0x08007674        0x0 c:/siliconlabs/simplicitystudio/v5/developer/toolchains/gnu_arm/12.2.rel1_2023.7/bin/../lib/gcc/arm-none-eabi/12.2.1/thumb/v8-m.main+fp/hard/crtbegin.o

.ARM.extab
 *(.ARM.extab* .gnu.linkonce.armextab.*)
                0x08007674                __exidx_start = .

.ARM.exidx      0x08007674        0x8
 *(.ARM.exidx* .gnu.linkonce.armexidx.*)
 .ARM.exidx     0x08007674        0x8 c:/siliconlabs/simplicitystudio/v5/developer/toolchains/gnu_arm/12.2.rel1_2023.7/bin/../lib/gcc/arm-none-eabi/12.2.1/thumb/v8-m.main+fp/hard/crt0.o
                                 0x10 (size before relaxing)
 .ARM.exidx.text.__udivmoddi4
                0x0800767c        0x0 c:/siliconlabs/simplicitystudio/v5/developer/toolchains/gnu_arm/12.2.rel1_2023.7/bin/../lib/gcc/arm-none-eabi/12.2.1/thumb/v8-m.main+fp/hard\libgcc.a(_udivmoddi4.o)
                                  0x8 (size before relaxing)
                0x0800767c                __exidx_end = .

.copy.table     0x0800767c        0xc
                0x0800767c                . = ALIGN (0x4)
                0x0800767c                __copy_table_start__ = .
                0x0800767c        0x4 LONG 0x8007688 __etext
                0x08007680        0x4 LONG 0x20001588 __data_start__
                0x08007684        0x4 LONG 0x2a ((__data_end__ - __data_start__) / 0x4)
                0x08007688                __copy_table_end__ = .

.rel.dyn        0x08007688        0x0